v1   F1      42164054 bytes    0.8s  go build  -o v1-F1 .
v1   F2      29561097 bytes    0.5s  go build -trimpath -ldflags=-s -w -o v1-F2 .
v1   F3      29561061 bytes    0.5s  go build -trimpath -ldflags=-s -w -buildid= -buildvcs=false -o v1-F3 .
v1   F2pie   32477486 bytes    9.8s  go build -buildmode=pie -trimpath -ldflags=-s -w -o v1-F2pie .
v1   F1b     42164054 bytes    0.9s  go build  -o v1-F1-rebuild .
v1   F2b     29561097 bytes    0.6s  go build -trimpath -ldflags=-s -w -o v1-F2-rebuild .
REPRO F1: identical
REPRO F2: identical
v2s  F1      42164054 bytes    0.9s  go build  -o v2s-F1 .
v2s  F2      29561097 bytes    0.6s  go build -trimpath -ldflags=-s -w -o v2s-F2 .
v2s  F3      29561061 bytes    0.5s  go build -trimpath -ldflags=-s -w -buildid= -buildvcs=false -o v2s-F3 .
v2l  F1      42164054 bytes    0.9s  go build  -o v2l-F1 .
v2l  F2      29561097 bytes    0.6s  go build -trimpath -ldflags=-s -w -o v2l-F2 .
v2l  F3      29561061 bytes    0.6s  go build -trimpath -ldflags=-s -w -buildid= -buildvcs=false -o v2l-F3 .
v2c  F1      42164214 bytes    1.0s  go build  -o v2c-F1 .
v2c  F2      29561097 bytes    0.7s  go build -trimpath -ldflags=-s -w -o v2c-F2 .
v2c  F3      29561061 bytes    0.6s  go build -trimpath -ldflags=-s -w -buildid= -buildvcs=false -o v2c-F3 .
v2c  F2pie   32477486 bytes    0.7s  go build -buildmode=pie -trimpath -ldflags=-s -w -o v2c-F2pie .
v2p  F1      42164038 bytes    0.9s  go build  -o v2p-F1 .
v2p  F2      29561097 bytes    0.7s  go build -trimpath -ldflags=-s -w -o v2p-F2 .
v2p  F3      29561061 bytes    0.6s  go build -trimpath -ldflags=-s -w -buildid= -buildvcs=false -o v2p-F3 .
v3   F1      42164926 bytes    0.9s  go build  -o v3-F1 .
v3   F2      29561097 bytes    0.7s  go build -trimpath -ldflags=-s -w -o v3-F2 .
v3   F3      29561061 bytes    0.5s  go build -trimpath -ldflags=-s -w -buildid= -buildvcs=false -o v3-F3 .
v4   F1      42164926 bytes    0.9s  go build  -o v4-F1 .
v4   F2      29561097 bytes    0.6s  go build -trimpath -ldflags=-s -w -o v4-F2 .
v4   F3      29561061 bytes    0.6s  go build -trimpath -ldflags=-s -w -buildid= -buildvcs=false -o v4-F3 .
readelf: F1=EXEC F2=EXEC F2pie=DYN
