[    43s] F1.v1-v2s              zstd-19                        5168 enc=11.35 dec=0.05 ok=True 
[    43s] F1.v1-v2s              zstd-19-long27                 5168 enc=11.28 dec=0.05 ok=True 
[    57s] F1.v1-v2s              zstd-22-ultra-long31           5168 enc=15.61 dec=0.06 ok=True 
[    57s] F1.v1-v2s              zstd-3-long27                 15761 enc=0.1 dec=0.06 ok=True 
[    57s] F1.v1-v2s              zstd-9-long27                  7881 enc=0.25 dec=0.05 ok=True 
[    57s] F1.v1-v2s              xdelta3-9-djw                   361 enc=0.41 dec=0.06 ok=True 
[    57s] F1.v1-v2s              xdelta3-9-lzma                  422 enc=0.41 dec=0.06 ok=True 
[    57s] F1.v1-v2s              bsdiff                          351 enc=9.1 dec=0.12 ok=True 
[    57s] F1.v1-v2s              hdiffz-m6-zstd21                163 enc=0.17 dec=0.01 ok=True 
[    57s] F1.v1-v2s              hdiffz-s64-zstd21               177 enc=0.09 dec=0.01 ok=True 
[    57s] F1.v1-v2s              hdiffz-m6-lzma2                 164 enc=0.18 dec=0.01 ok=True 
[    57s] F1.v1-v2l              zstd-19                       57148 enc=14.32 dec=0.05 ok=True 
[    57s] F1.v1-v2l              zstd-19-long27                57148 enc=14.69 dec=0.06 ok=True 
[    73s] F1.v1-v2l              zstd-22-ultra-long31          57359 enc=21.03 dec=0.05 ok=True 
[    73s] F1.v1-v2l              zstd-3-long27                360300 enc=0.08 dec=0.06 ok=True 
[    73s] F1.v1-v2l              zstd-9-long27                181489 enc=0.24 dec=0.05 ok=True 
[    73s] F1.v1-v2l              xdelta3-9-djw                105463 enc=0.47 dec=0.2 ok=True 
[    73s] F1.v1-v2l              xdelta3-9-lzma                78551 enc=0.74 dec=0.1 ok=True 
[    73s] F1.v1-v2l              bsdiff                        24311 enc=9.01 dec=0.13 ok=True 
[    73s] F1.v1-v2l              hdiffz-m6-zstd21              32905 enc=0.46 dec=0.02 ok=True 
[    73s] F1.v1-v2l              hdiffz-s64-zstd21            162644 enc=0.2 dec=0.02 ok=True 
[    73s] F1.v1-v2l              hdiffz-m6-lzma2               29943 enc=0.42 dec=0.02 ok=True 
[    97s] F1.v1-v2c              zstd-19                     8537327 enc=18.58 dec=0.05 ok=True 
[   100s] F1.v1-v2c              zstd-19-long27              8537327 enc=18.63 dec=0.05 ok=True 
[   124s] F1.v1-v2c              zstd-22-ultra-long31        8512313 enc=26.22 dec=0.05 ok=True 
[   124s] F1.v1-v2c              zstd-3-long27              10178901 enc=0.11 dec=0.05 ok=True 
[   124s] F1.v1-v2c              zstd-9-long27               9735082 enc=0.27 dec=0.05 ok=True 
[   124s] F1.v1-v2c              xdelta3-9-djw               8866404 enc=1.81 dec=0.08 ok=True 
[   124s] F1.v1-v2c              xdelta3-9-lzma              8731806 enc=2.55 dec=0.1 ok=True 
[   145s] F1.v1-v2c              bsdiff                      8510856 enc=28.02 dec=0.43 ok=True 
[   145s] F1.v1-v2c              hdiffz-m6-zstd21            8411387 enc=4.81 dec=0.02 ok=True 
[   145s] F1.v1-v2c              hdiffz-s64-zstd21           9403211 enc=1.99 dec=0.04 ok=True 
[   145s] F1.v1-v2c              hdiffz-m6-lzma2             8404532 enc=5.15 dec=0.06 ok=True 
[   145s] F1.v1-v2p              zstd-19                     8302459 enc=14.32 dec=0.04 ok=True 
[   145s] F1.v1-v2p              zstd-19-long27              8302459 enc=14.01 dec=0.05 ok=True 
[   145s] F1.v1-v2p              zstd-22-ultra-long31        8271191 enc=16.96 dec=0.04 ok=True 
[   145s] F1.v1-v2p              zstd-3-long27               8641900 enc=0.09 dec=0.04 ok=True 
[   145s] F1.v1-v2p              zstd-9-long27               8609443 enc=0.22 dec=0.04 ok=True 
[   145s] F1.v1-v2p              xdelta3-9-djw               8420963 enc=1.15 dec=0.07 ok=True 
[   145s] F1.v1-v2p              xdelta3-9-lzma              8399285 enc=1.79 dec=0.08 ok=True 
[   175s] F1.v1-v2p              bsdiff                      8405726 enc=28.35 dec=0.42 ok=True 
[   175s] F1.v1-v2p              hdiffz-m6-zstd21            8288683 enc=2.37 dec=0.02 ok=True 
[   175s] F1.v1-v2p              hdiffz-s64-zstd21           8541462 enc=1.14 dec=0.02 ok=True 
[   175s] F1.v1-v2p              hdiffz-m6-lzma2             8285431 enc=3.41 dec=0.06 ok=True 
[   175s] F1.v1-v3               zstd-19                     8615448 enc=18.22 dec=0.05 ok=True 
[   175s] F1.v1-v3               zstd-19-long27              8615448 enc=18.18 dec=0.05 ok=True 
[   192s] F1.v1-v3               zstd-22-ultra-long31        8577471 enc=25.6 dec=0.05 ok=True 
[   192s] F1.v1-v3               zstd-3-long27              10293531 enc=0.09 dec=0.05 ok=True 
[   192s] F1.v1-v3               zstd-9-long27               9851369 enc=0.24 dec=0.05 ok=True 
[   192s] F1.v1-v3               xdelta3-9-djw               8965050 enc=1.69 dec=0.08 ok=True 
[   192s] F1.v1-v3               xdelta3-9-lzma              8825595 enc=2.49 dec=0.09 ok=True 
[   218s] F1.v1-v3               bsdiff                      8577882 enc=28.48 dec=0.47 ok=True 
[   218s] F1.v1-v3               hdiffz-m6-zstd21            8472858 enc=3.82 dec=0.02 ok=True 
[   218s] F1.v1-v3               hdiffz-s64-zstd21           9515734 enc=1.85 dec=0.03 ok=True 
[   218s] F1.v1-v3               hdiffz-m6-lzma2             8464941 enc=4.9 dec=0.07 ok=True 
[   218s] F1.v2c-v3              zstd-19                     8522176 enc=14.98 dec=0.04 ok=True 
[   218s] F1.v2c-v3              zstd-19-long27              8522176 enc=15.14 dec=0.05 ok=True 
[   218s] F1.v2c-v3              zstd-22-ultra-long31        8489496 enc=17.88 dec=0.04 ok=True 
[   218s] F1.v2c-v3              zstd-3-long27               9492715 enc=0.1 dec=0.05 ok=True 
[   218s] F1.v2c-v3              zstd-9-long27               9364315 enc=0.24 dec=0.05 ok=True 
[   218s] F1.v2c-v3              xdelta3-9-djw               8723136 enc=1.52 dec=0.07 ok=True 
[   218s] F1.v2c-v3              xdelta3-9-lzma              8669682 enc=2.19 dec=0.08 ok=True 
[   308s] F1.v2c-v3              bsdiff                      8568535 enc=29.91 dec=0.46 ok=True 
[   308s] F1.v2c-v3              hdiffz-m6-zstd21            8449307 enc=2.54 dec=0.02 ok=True 
[   308s] F1.v2c-v3              hdiffz-s64-zstd21           9086914 enc=1.43 dec=0.02 ok=True 
[   308s] F1.v2c-v3              hdiffz-m6-lzma2             8445708 enc=3.03 dec=0.06 ok=True 
[   308s] F1.v3-v4               zstd-19                       74606 enc=13.2 dec=0.06 ok=True 
[   308s] F1.v3-v4               zstd-19-long27                74606 enc=14.0 dec=0.07 ok=True 
[   308s] F1.v3-v4               zstd-22-ultra-long31          74912 enc=21.61 dec=0.1 ok=True 
[   308s] F1.v3-v4               zstd-3-long27                461575 enc=0.09 dec=0.04 ok=True 
[   308s] F1.v3-v4               zstd-9-long27                235125 enc=0.23 dec=0.05 ok=True 
[   308s] F1.v3-v4               xdelta3-9-djw                140651 enc=0.51 dec=0.06 ok=True 
[   308s] F1.v3-v4               xdelta3-9-lzma               107526 enc=0.52 dec=0.06 ok=True 
[   308s] F1.v3-v4               bsdiff                        29497 enc=8.28 dec=0.15 ok=True 
[   308s] F1.v3-v4               hdiffz-m6-zstd21              39220 enc=0.5 dec=0.02 ok=True 
[   308s] F1.v3-v4               hdiffz-s64-zstd21            215650 enc=0.22 dec=0.02 ok=True 
[   308s] F1.v3-v4               hdiffz-m6-lzma2               35984 enc=0.5 dec=0.02 ok=True 
[   308s] F1.v1-v4               zstd-19                     8618083 enc=23.42 dec=0.1 ok=True 
[   312s] F1.v1-v4               zstd-19-long27              8618083 enc=30.48 dec=0.07 ok=True 
[   340s] F1.v1-v4               zstd-22-ultra-long31        8579455 enc=26.17 dec=0.05 ok=True 
[   340s] F1.v1-v4               zstd-3-long27              10294144 enc=0.14 dec=0.08 ok=True 
[   340s] F1.v1-v4               zstd-9-long27               9851100 enc=0.33 dec=0.07 ok=True 
[   340s] F1.v1-v4               xdelta3-9-djw               8966064 enc=2.44 dec=0.13 ok=True 
[   340s] F1.v1-v4               xdelta3-9-lzma              8827605 enc=3.58 dec=0.17 ok=True 
[   373s] F1.v1-v4               bsdiff                      8579491 enc=31.76 dec=0.43 ok=True 
[   373s] F1.v1-v4               hdiffz-m6-zstd21            8473567 enc=8.78 dec=0.06 ok=True 
[   373s] F1.v1-v4               hdiffz-s64-zstd21           9516785 enc=3.11 dec=0.05 ok=True 
[   373s] F1.v1-v4               hdiffz-m6-lzma2             8465681 enc=12.68 dec=0.09 ok=True 
[   373s] F1.v2c                 full-zstd-19               18105781 enc=10.12 dec=0.04 ok=True 
[   373s] F1.v2c                 full-zstd-19-long31        17938545 enc=12.89 dec=0.04 ok=True 
[   373s] F1.v2c                 full-xz-9                  17209172 enc=12.07 dec=0.25 ok=True 
[   373s] F1.v2l                 full-zstd-19               18100121 enc=9.53 dec=0.03 ok=True 
[   373s] F1.v2l                 full-zstd-19-long31        17934602 enc=12.98 dec=0.05 ok=True 
[   373s] F1.v2l                 full-xz-9                  17205272 enc=12.2 dec=0.25 ok=True 
[   373s] F1.v2p                 full-zstd-19               18100630 enc=9.48 dec=0.04 ok=True 
[   374s] F1.v2p                 full-zstd-19-long31        17934833 enc=13.28 dec=0.05 ok=True 
[   376s] F1.v2p                 full-xz-9                  17208820 enc=12.01 dec=0.25 ok=True 
[   376s] F1.v2s                 full-zstd-19               18100040 enc=9.5 dec=0.04 ok=True 
[   381s] F1.v2s                 full-zstd-19-long31        17935099 enc=13.09 dec=0.04 ok=True 
[   386s] F1.v2s                 full-xz-9                  17208704 enc=12.59 dec=0.26 ok=True 
[   386s] F1.v3                  full-zstd-19               18101258 enc=9.29 dec=0.03 ok=True 
[   390s] F1.v3                  full-zstd-19-long31        17940154 enc=12.94 dec=0.05 ok=True 
[   409s] F1.v3                  full-xz-9                  17206820 enc=12.03 dec=0.26 ok=True 
[   409s] F1.v4                  full-zstd-19               18101337 enc=9.54 dec=0.03 ok=True 
[   415s] F1.v4                  full-zstd-19-long31        17940761 enc=13.27 dec=0.05 ok=True 
[   416s] F1.v4                  full-xz-9                  17205056 enc=12.27 dec=0.25 ok=True 
[   416s] F2.v1-v2s              zstd-19                        3684 enc=11.46 dec=0.04 ok=True 
[   417s] F2.v1-v2s              zstd-19-long27                 3684 enc=11.9 dec=0.03 ok=True 
[   423s] F2.v1-v2s              zstd-22-ultra-long31           3684 enc=11.89 dec=0.04 ok=True 
[   423s] F2.v1-v2s              zstd-3-long27                  4778 enc=0.05 dec=0.04 ok=True 
[   423s] F2.v1-v2s              zstd-9-long27                  5927 enc=0.17 dec=0.03 ok=True 
[   423s] F2.v1-v2s              xdelta3-9-djw                   333 enc=0.27 dec=0.04 ok=True 
[   423s] F2.v1-v2s              xdelta3-9-lzma                  394 enc=0.26 dec=0.05 ok=True 
[   423s] F2.v1-v2s              bsdiff                          347 enc=5.92 dec=0.08 ok=True 
[   423s] F2.v1-v2s              hdiffz-m6-zstd21                163 enc=0.12 dec=0.01 ok=True 
[   423s] F2.v1-v2s              hdiffz-s64-zstd21               177 enc=0.06 dec=0.01 ok=True 
[   423s] F2.v1-v2s              hdiffz-m6-lzma2                 164 enc=0.12 dec=0.01 ok=True 
[   445s] F2.v1-v2l              zstd-19                       55648 enc=12.99 dec=0.04 ok=True 
[   451s] F2.v1-v2l              zstd-19-long27                55648 enc=13.1 dec=0.04 ok=True 
[   465s] F2.v1-v2l              zstd-22-ultra-long31          55862 enc=17.44 dec=0.04 ok=True 
[   465s] F2.v1-v2l              zstd-3-long27                380051 enc=0.06 dec=0.04 ok=True 
[   465s] F2.v1-v2l              zstd-9-long27                182999 enc=0.19 dec=0.04 ok=True 
[   465s] F2.v1-v2l              xdelta3-9-djw                106331 enc=0.36 dec=0.05 ok=True 
[   465s] F2.v1-v2l              xdelta3-9-lzma                79044 enc=0.37 dec=0.05 ok=True 
[   465s] F2.v1-v2l              bsdiff                        24322 enc=5.88 dec=0.09 ok=True 
[   465s] F2.v1-v2l              hdiffz-m6-zstd21              32899 enc=0.42 dec=0.02 ok=True 
[   465s] F2.v1-v2l              hdiffz-s64-zstd21            162526 enc=0.17 dec=0.02 ok=True 
[   465s] F2.v1-v2l              hdiffz-m6-lzma2               29940 enc=0.4 dec=0.01 ok=True 
[   466s] F2.v1-v2c              zstd-19                      213124 enc=15.71 dec=0.04 ok=True 
[   467s] F2.v1-v2c              zstd-19-long27               213124 enc=15.72 dec=0.04 ok=True 
[   488s] F2.v1-v2c              zstd-22-ultra-long31         214255 enc=22.19 dec=0.04 ok=True 
[   488s] F2.v1-v2c              zstd-3-long27               1709819 enc=0.08 dec=0.04 ok=True 
[   488s] F2.v1-v2c              zstd-9-long27               1217754 enc=0.23 dec=0.04 ok=True 
[   488s] F2.v1-v2c              xdelta3-9-djw                464283 enc=1.01 dec=0.06 ok=True 
[   488s] F2.v1-v2c              xdelta3-9-lzma               343972 enc=0.93 dec=0.05 ok=True 
[   488s] F2.v1-v2c              bsdiff                        60478 enc=6.04 dec=0.09 ok=True 
[   488s] F2.v1-v2c              hdiffz-m6-zstd21              75305 enc=1.17 dec=0.01 ok=True 
[   488s] F2.v1-v2c              hdiffz-s64-zstd21            910116 enc=0.81 dec=0.02 ok=True 
[   488s] F2.v1-v2c              hdiffz-m6-lzma2               70932 enc=1.05 dec=0.01 ok=True 
[   488s] F2.v1-v2p              zstd-19                       41040 enc=12.16 dec=0.03 ok=True 
[   488s] F2.v1-v2p              zstd-19-long27                41040 enc=11.96 dec=0.03 ok=True 
[   490s] F2.v1-v2p              zstd-22-ultra-long31          40911 enc=12.72 dec=0.04 ok=True 
[   490s] F2.v1-v2p              zstd-3-long27                159302 enc=0.06 dec=0.04 ok=True 
[   490s] F2.v1-v2p              zstd-9-long27                129264 enc=0.17 dec=0.03 ok=True 
[   490s] F2.v1-v2p              xdelta3-9-djw                 81170 enc=0.32 dec=0.04 ok=True 
[   490s] F2.v1-v2p              xdelta3-9-lzma                70356 enc=0.32 dec=0.05 ok=True 
[   490s] F2.v1-v2p              bsdiff                        16141 enc=5.77 dec=0.09 ok=True 
[   490s] F2.v1-v2p              hdiffz-m6-zstd21              19230 enc=0.15 dec=0.01 ok=True 
[   490s] F2.v1-v2p              hdiffz-s64-zstd21             96698 enc=0.11 dec=0.01 ok=True 
[   490s] F2.v1-v2p              hdiffz-m6-lzma2               18183 enc=0.15 dec=0.01 ok=True 
[   514s] F2.v1-v3               zstd-19                      224693 enc=15.41 dec=0.04 ok=True 
[   514s] F2.v1-v3               zstd-19-long27               224693 enc=15.5 dec=0.04 ok=True 
[   534s] F2.v1-v3               zstd-22-ultra-long31         224272 enc=21.21 dec=0.04 ok=True 
[   534s] F2.v1-v3               zstd-3-long27               1729597 enc=0.07 dec=0.04 ok=True 
[   534s] F2.v1-v3               zstd-9-long27               1229788 enc=0.21 dec=0.03 ok=True 
[   534s] F2.v1-v3               xdelta3-9-djw                478669 enc=0.92 dec=0.06 ok=True 
[   534s] F2.v1-v3               xdelta3-9-lzma               355317 enc=0.94 dec=0.06 ok=True 
[   534s] F2.v1-v3               bsdiff                        64902 enc=6.12 dec=0.1 ok=True 
[   534s] F2.v1-v3               hdiffz-m6-zstd21              79879 enc=0.98 dec=0.01 ok=True 
[   534s] F2.v1-v3               hdiffz-s64-zstd21            921720 enc=0.77 dec=0.03 ok=True 
[   534s] F2.v1-v3               hdiffz-m6-lzma2               74867 enc=1.22 dec=0.02 ok=True 
[   534s] F2.v2c-v3              zstd-19                      105327 enc=12.43 dec=0.04 ok=True 
[   534s] F2.v2c-v3              zstd-19-long27               105327 enc=12.51 dec=0.04 ok=True 
[   534s] F2.v2c-v3              zstd-22-ultra-long31         105212 enc=13.97 dec=0.04 ok=True 
[   534s] F2.v2c-v3              zstd-3-long27                866078 enc=0.06 dec=0.03 ok=True 
[   534s] F2.v2c-v3              zstd-9-long27                734988 enc=0.19 dec=0.03 ok=True 
[   534s] F2.v2c-v3              xdelta3-9-djw                233447 enc=0.7 dec=0.05 ok=True 
[   534s] F2.v2c-v3              xdelta3-9-lzma               195115 enc=0.74 dec=0.05 ok=True 
[   534s] F2.v2c-v3              bsdiff                        24340 enc=5.87 dec=0.1 ok=True 
[   534s] F2.v2c-v3              hdiffz-m6-zstd21              29198 enc=0.32 dec=0.01 ok=True 
[   534s] F2.v2c-v3              hdiffz-s64-zstd21            497722 enc=0.42 dec=0.02 ok=True 
[   534s] F2.v2c-v3              hdiffz-m6-lzma2               28302 enc=0.3 dec=0.01 ok=True 
[   540s] F2.v3-v4               zstd-19                       73074 enc=12.14 dec=0.04 ok=True 
[   552s] F2.v3-v4               zstd-19-long27                73074 enc=12.34 dec=0.03 ok=True 
[   565s] F2.v3-v4               zstd-22-ultra-long31          73439 enc=16.23 dec=0.04 ok=True 
[   565s] F2.v3-v4               zstd-3-long27                490995 enc=0.06 dec=0.03 ok=True 
[   565s] F2.v3-v4               zstd-9-long27                238108 enc=0.19 dec=0.04 ok=True 
[   565s] F2.v3-v4               xdelta3-9-djw                141268 enc=0.38 dec=0.04 ok=True 
[   565s] F2.v3-v4               xdelta3-9-lzma               107783 enc=0.38 dec=0.05 ok=True 
[   565s] F2.v3-v4               bsdiff                        29439 enc=5.62 dec=0.09 ok=True 
[   565s] F2.v3-v4               hdiffz-m6-zstd21              39230 enc=0.45 dec=0.01 ok=True 
[   565s] F2.v3-v4               hdiffz-s64-zstd21            215608 enc=0.18 dec=0.01 ok=True 
[   565s] F2.v3-v4               hdiffz-m6-lzma2               36002 enc=0.46 dec=0.01 ok=True 
[   569s] F2.v1-v4               zstd-19                      228024 enc=13.44 dec=0.04 ok=True 
[   570s] F2.v1-v4               zstd-19-long27               228024 enc=13.37 dec=0.04 ok=True 
[   592s] F2.v1-v4               zstd-22-ultra-long31         226831 enc=19.34 dec=0.04 ok=True 
[   592s] F2.v1-v4               zstd-3-long27               1729723 enc=0.07 dec=0.03 ok=True 
[   592s] F2.v1-v4               zstd-9-long27               1229161 enc=0.19 dec=0.03 ok=True 
[   592s] F2.v1-v4               xdelta3-9-djw                479664 enc=0.9 dec=0.05 ok=True 
[   592s] F2.v1-v4               xdelta3-9-lzma               357316 enc=0.91 dec=0.05 ok=True 
[   592s] F2.v1-v4               bsdiff                        66541 enc=5.79 dec=0.09 ok=True 
[   592s] F2.v1-v4               hdiffz-m6-zstd21              80796 enc=1.0 dec=0.01 ok=True 
[   592s] F2.v1-v4               hdiffz-s64-zstd21            922457 enc=0.78 dec=0.03 ok=True 
[   592s] F2.v1-v4               hdiffz-m6-lzma2               75617 enc=0.93 dec=0.01 ok=True 
[   592s] F2.v2c                 full-zstd-19                8432157 enc=7.78 dec=0.03 ok=True 
[   592s] F2.v2c                 full-zstd-19-long31         8404996 enc=8.65 dec=0.04 ok=True 
[   592s] F2.v2c                 full-xz-9                   7708160 enc=7.74 dec=0.2 ok=True 
[   592s] F2.v2l                 full-zstd-19                8431859 enc=7.81 dec=0.03 ok=True 
[   592s] F2.v2l                 full-zstd-19-long31         8404595 enc=8.35 dec=0.03 ok=True 
[   592s] F2.v2l                 full-xz-9                   7707704 enc=7.75 dec=0.2 ok=True 
[   593s] F2.v2p                 full-zstd-19                8432544 enc=7.94 dec=0.03 ok=True 
[   596s] F2.v2p                 full-zstd-19-long31         8405037 enc=8.72 dec=0.04 ok=True 
[   596s] F2.v2p                 full-xz-9                   7706692 enc=7.64 dec=0.2 ok=True 
[   601s] F2.v2s                 full-zstd-19                8431905 enc=7.93 dec=0.03 ok=True 
[   607s] F2.v2s                 full-zstd-19-long31         8404746 enc=8.68 dec=0.04 ok=True 
[   615s] F2.v2s                 full-xz-9                   7707920 enc=7.92 dec=0.2 ok=True 
[   617s] F2.v3                  full-zstd-19                8432428 enc=8.2 dec=0.03 ok=True 
[   619s] F2.v3                  full-zstd-19-long31         8404907 enc=8.85 dec=0.04 ok=True 
[   619s] F2.v3                  full-xz-9                   7706308 enc=8.17 dec=0.21 ok=True 
[   621s] F2.v4                  full-zstd-19                8432105 enc=8.22 dec=0.03 ok=True 
[   624s] F2.v4                  full-zstd-19-long31         8404675 enc=8.98 dec=0.04 ok=True 
[   627s] F2.v4                  full-xz-9                   7706860 enc=8.19 dec=0.21 ok=True 
[   656s] F2pie.v1-v2c           zstd-19                      233470 enc=16.3 dec=0.04 ok=True 
[   664s] F2pie.v1-v2c           zstd-19-long27               233470 enc=14.53 dec=0.04 ok=True 
[   664s] F2pie.v1-v2c           bsdiff                        63826 enc=6.7 dec=0.1 ok=True 
[   664s] F2pie.v1-v2c           xdelta3-9-djw                935107 enc=1.12 dec=0.06 ok=True 
[   664s] F2pie.v1-v2c           hdiffz-m6-zstd21              79127 enc=0.98 dec=0.02 ok=True 
[   669s] mismatch.v1F1-v2cF2    zstd-19                      489779 enc=14.07 dec=0.04 ok=True 
[   669s] mismatch.v1F1-v2cF2    bsdiff                       161114 enc=8.94 dec=0.11 ok=True 
[   670s] mismatch.v1F1-v2cF2    zstd-19-long27               489779 enc=13.84 dec=0.04 ok=True 
[   692s] F1.v1-v2s              zstd-19-T0                     5168 enc=7.35 dec=0.04 ok=True 
[   693s] F1.v1-v2s              hdiffz-m6-zstd21-p8             163 enc=0.15 dec=0.01 ok=True 
[   720s] F1.v1-v2l              zstd-19-T0                    57148 enc=8.86 dec=0.05 ok=True 
[   721s] F1.v1-v2l              hdiffz-m6-zstd21-p8           32905 enc=0.27 dec=0.01 ok=True 
[   760s] F1.v1-v2c              zstd-19-T0                  8537327 enc=12.33 dec=0.05 ok=True 
[   765s] F1.v1-v2c              hdiffz-m6-zstd21-p8         8412518 enc=1.63 dec=0.02 ok=True 
[   796s] F1.v1-v2p              zstd-19-T0                  8302459 enc=10.02 dec=0.04 ok=True 
[   800s] F1.v1-v2p              hdiffz-m6-zstd21-p8         8291500 enc=1.15 dec=0.02 ok=True 
[   840s] F1.v1-v3               zstd-19-T0                  8615448 enc=13.03 dec=0.05 ok=True 
[   845s] F1.v1-v3               hdiffz-m6-zstd21-p8         8473728 enc=1.6 dec=0.02 ok=True 
[   878s] F1.v2c-v3              zstd-19-T0                  8522176 enc=10.82 dec=0.04 ok=True 
[   882s] F1.v2c-v3              hdiffz-m6-zstd21-p8         8451778 enc=1.19 dec=0.02 ok=True 
[   910s] F1.v3-v4               zstd-19-T0                    74606 enc=9.22 dec=0.05 ok=True 
[   912s] F1.v3-v4               hdiffz-m6-zstd21-p8           39220 enc=0.31 dec=0.01 ok=True 
[   951s] F1.v1-v4               zstd-19-T0                  8618083 enc=13.05 dec=0.04 ok=True 
[   956s] F1.v1-v4               hdiffz-m6-zstd21-p8         8474498 enc=1.58 dec=0.02 ok=True 
[   977s] F2.v1-v2s              zstd-19-T0                     3684 enc=7.04 dec=0.03 ok=True 
[   978s] F2.v1-v2s              hdiffz-m6-zstd21-p8             163 enc=0.11 dec=0.0 ok=True 
[  1002s] F2.v1-v2l              zstd-19-T0                    55648 enc=8.01 dec=0.03 ok=True 
[  1003s] F2.v1-v2l              hdiffz-m6-zstd21-p8           32921 enc=0.24 dec=0.01 ok=True 
[  1033s] F2.v1-v2c              zstd-19-T0                   213124 enc=9.79 dec=0.03 ok=True 
[  1035s] F2.v1-v2c              hdiffz-m6-zstd21-p8           75339 enc=0.47 dec=0.01 ok=True 
[  1057s] F2.v1-v2p              zstd-19-T0                    41040 enc=7.35 dec=0.03 ok=True 
[  1058s] F2.v1-v2p              hdiffz-m6-zstd21-p8           19238 enc=0.12 dec=0.01 ok=True 
[  1088s] F2.v1-v3               zstd-19-T0                   224693 enc=9.8 dec=0.03 ok=True 
[  1089s] F2.v1-v3               hdiffz-m6-zstd21-p8           79921 enc=0.48 dec=0.01 ok=True 
[  1114s] F2.v2c-v3              zstd-19-T0                   105327 enc=8.06 dec=0.03 ok=True 
[  1115s] F2.v2c-v3              hdiffz-m6-zstd21-p8           29215 enc=0.23 dec=0.01 ok=True 
[  1140s] F2.v3-v4               zstd-19-T0                    73074 enc=8.2 dec=0.03 ok=True 
[  1141s] F2.v3-v4               hdiffz-m6-zstd21-p8           39230 enc=0.28 dec=0.01 ok=True 
[  1171s] F2.v1-v4               zstd-19-T0                   228024 enc=9.99 dec=0.03 ok=True 
[  1172s] F2.v1-v4               hdiffz-m6-zstd21-p8           80793 enc=0.49 dec=0.01 ok=True 

wrote /home/will/Code/binsync/bench/out/results/delta.json
exit=0
