== predict .text ../out/corpus/cockroach/26.2.4/cockroach.stripped -> ../out/corpus/cockroach/26.2.5/cockroach.stripped
match: exact=254603 normalised=125 content=23 unmatched-new=66 unmatched-old=5
layout table: raw 516112 B, zstd 2702 B
x86asm decode of old .text: 25864527 insns, 2347 failures, 3.645s => 29.0 MB/s single-thread
datamap .rodata (block 16, masked pointers=816743): blocks=2588095 matched=1885612 ambiguous=4087 unmatched=698396 shift-changes=6124
datamap .noptrdata (block 16, masked pointers=6842): blocks=508007 matched=320658 ambiguous=4 unmatched=187345 shift-changes=211
datamap .data (block 16, masked pointers=122749): blocks=152109 matched=152100 ambiguous=0 unmatched=9 shift-changes=1
datamap build time: 6.397s
BASELINE old.text -> new.text: bsdiff=2849784 hdiffz=2963663 zstd=0 rawdiff=88164290 runs=2997745 (bsdiff 65.3s hdiffz 20.6s zstd 0.0s)
P0 layout-copy (no relocation)     bsdiff=2859754 hdiffz=2970962 zstd=0 rawdiff=6038288 runs=2352886  predict-time=0.47s
P1 reloc, M=section-identity       bsdiff=1279546 hdiffz=1345246 zstd=0 rawdiff=2308673 runs=857386  predict-time=1.58s
    insns=25856452 decode-failures=2350 refs: text-self=2388157 text-matched=1464089 text-unmatched=3 rodata=710778 noptrdata=26023 data=158018 bss/noptrbss=312739 other-section=11 outside-image=500
P2 reloc, M=content-map            bsdiff=217482 hdiffz=240638 zstd=0 rawdiff=814677 runs=147560  predict-time=1.58s
    insns=25856452 decode-failures=2350 refs: text-self=2388157 text-matched=1464089 text-unmatched=3 rodata=710778 noptrdata=26023 data=158018 bss/noptrbss=312739 other-section=11 outside-image=500
residual breakdown (P2): total differing bytes in functions=739552: changed-function content=613943, new functions=34209, mispredicted refs: text-matched=20 rodata=3364 bss/noptrbss=88016, non-reference bytes in unchanged functions=0, outside functions=75125
functions with residual differences: 13846; top: github.com/cockroachdb/cockroach/pkg/sql.init=212131 github.com/cockroachdb/cockroach/pkg/sql/sessiondatapb.(*LocalOnlySessionData).Unmarshal=44632 github.com/cockroachdb/cockroach/pkg/sql/opt/norm.(*Factory).ConstructSelect=38321 github.com/cockroachdb/cockroach/pkg/server.newSQLServer=27473 github.com/cockroachdb/cockroach/pkg/sql/sessiondatapb.(*LocalOnlySessionData).MarshalToSizedBuffer=20690 github.com/cockroachdb/cockroach/pkg/kv/kvserver.init=18930 github.com/cockroachdb/cockroach/pkg/kv/kvserver.newStoreMetrics=18706 github.com/cockroachdb/cockroach/pkg/backup.init=16392 github.com/cockroachdb/cockroach/pkg/sql.(*connExecutor).dispatchToExecutionEngine=10003 github.com/cockroachdb/cockroach/pkg/sql/opt/xform.(*explorer).exploreSelect=7823 github.com/cockroachdb/cockroach/pkg/kv/kvserver.(*mergeQueue).process=7377 github.com/cockroachdb/pebble/sstable/block.(*Reader).doRead=7278 github.com/cockroachdb/cockroach/pkg/sql.(*connExecutor).execBind=6518 github.com/cockroachdb/cockroach/pkg/sql.(*connExecutor).execStmtInOpenState=4903 github.com/cockroachdb/pebble.FlushInfo.SafeFormat=4305
  mispred internal/cpu.processOptions+0x17e MOV: old .bss+73688 -> pred +0 actual .bss+73704 (act-pred=+16)
  mispred internal/cpu.processOptions+0x191 MOV: old .bss+73688 -> pred +0 actual .bss+73704 (act-pred=+16)
  mispred internal/cpu.processOptions+0x26a MOV: old .bss+73680 -> pred +0 actual .bss+73696 (act-pred=+16)
  mispred internal/cpu.processOptions+0x271 MOV: old .bss+73688 -> pred +0 actual .bss+73704 (act-pred=+16)
  mispred internal/cpu.processOptions+0x369 MOV: old .bss+73688 -> pred +0 actual .bss+73704 (act-pred=+16)
  mispred internal/cpu.processOptions+0x380 MOV: old .bss+73680 -> pred +0 actual .bss+73696 (act-pred=+16)
  mispred internal/cpu.processOptions+0x3d1 MOV: old .bss+73688 -> pred +0 actual .bss+73704 (act-pred=+16)
  mispred internal/cpu.processOptions+0x3e9 MOV: old .bss+73680 -> pred +0 actual .bss+73696 (act-pred=+16)
  mispred internal/cpu.processOptions+0x3fa MOV: old .bss+73688 -> pred +0 actual .bss+73704 (act-pred=+16)
  mispred internal/cpu.processOptions+0x406 MOV: old .bss+73680 -> pred +0 actual .bss+73696 (act-pred=+16)
  mispred histogram (actual-predicted): map[-1954944:2 -1853088:1 -1329938:1 -611808:2 -518168:2 -509728:1 -452448:1 -283520:1 -163215:2 -142272:1 -126496:1 -120144:1 -60512:1 -41120:2 -30447:1 -24096:1 -23040:5 -14080:6 -13280:1 -13216:4 -12128:42 -10880:2 -10560:5 -10400:13 -10112:1 -10080:6 -9920:1 -9408:3 -8960:3 -8160:2 -7840:3 -7360:5 -5340:1 -2688:4 -2464:3 -1792:1 -1680:2 -1056:1 -1024:1 -928:1 -896:17 -864:2 -640:3 -512:2 -320:11 -255:2 -192:16 -160:5 -128:2 -18:1 -10:1 -8:30 -7:8 -3:67 -2:207 3:3 5:3 7:2 8:939 16:82331 17:1 19:1 22:1 26:2 27:2 29:1 32:2 37:1 41:2 47:1 48:3 50:2 51:1 56:74 61:1 62:2 64:45 67:1 69:1 70:2 71:1 73:1 75:1 81:1 84:1 109:1 128:771 140:1 144:2 150:2 160:4 175:1 192:1 256:96 384:11 704:3 768:8 960:1 1280:6 1536:1 2240:50 2688:4 2816:3 3392:2 4032:3 4320:2 4480:6 4640:1 4960:1 5440:2 6240:3 6560:2 7200:2 7360:2 7840:1 8000:4 8768:1 10912:5 11200:4 13600:1 19040:8 21760:4 22368:27 25245:1 26432:3 40992:5 100417:1 104442:1 154592:1 159684:19 212736:7 295360:19 949056:5 1144128:1 1402304:2 1502976:22 1503264:22 2560480:24 3504704:1 4199720:3 4235680:2 4832512:1 6245152:2 7701920:2 8138432:5 9790752:3 10092160:1 11621984:3 14473056:1]
changed functions (content differs after masking PC-rel fields, or new): 751, old 1469952 B -> new 1509600 B; delta of just those: bsdiff=144513 hdiffz=129364 zstd=0 rawdiff=1395280 runs=48829; new bytes alone zstd=460144
  changed: math.archExp, vendor/golang.org/x/crypto/chacha20poly1305.chacha20Poly1305Open, vendor/golang.org/x/crypto/chacha20poly1305.chacha20Poly1305Seal, github.com/cockroachdb/pebble/sstable/block.ValidateChecksum, github.com/cockroachdb/pebble/sstable/block.(*Reader).doRead, github.com/cockroachdb/pebble/sstable/block.(*FlushGovernor).HighWatermark, github.com/cockroachdb/pebble/sstable/colblk.Bitmap.At, github.com/cockroachdb/pebble/sstable/blob.(*FileWriter).AddValue, github.com/cockroachdb/pebble/sstable/blob.(*FileWriter).flush, github.com/cockroachdb/pebble/internal/manifest.(*TableInfo).EstimatedReferenceSize, github.com/zeebo/xxh3.accumAVX512, github.com/cockroachdb/pebble.(*DB).newIter, github.com/cockroachdb/pebble.(*Iterator).constructPointIter, github.com/cockroachdb/pebble.FormatTablesWithSizes, github.com/cockroachdb/pebble.formatTotalSize, github.com/cockroachdb/pebble.LevelInfo.SafeFormat, github.com/cockroachdb/pebble.FormatBlobsWithSizes, github.com/cockroachdb/pebble.formatOutputBlobs, github.com/cockroachdb/pebble.CompactionInfo.SafeFormat, github.com/cockroachdb/pebble.FlushInfo.SafeFormat
invertibility: relocating NEW->OLD layout: 13788 matched functions differ from OLD, of which 653 have changed content; unchanged-content mismatches: [internal/cpu.processOptions internal/cpu.doinit internal/runtime/exithook.Run internal/runtime/exithook.Run.func1 runtime.NumRunnableGoroutines runtime.gogetenv runtime.(*timeHistogram).write runtime.(*cleanupQueue).flush runtime.initMetrics runtime.gcStart]; residual bsdiff=200584 hdiffz=229248 zstd=0 rawdiff=778885 runs=147364
