### prometheus-3.13.1-3.13.2 predict 12:18:24
### cockroach-26.2.4-26.2.5 predict 12:18:24
### prometheus-3.13.1-3.13.2 whole 12:19:39
### done prometheus-3.13.1-3.13.2 12:20:45
### kube-apiserver-1.36.3-1.36.4 predict 12:20:45
### cockroach-26.2.4-26.2.5 pclnpredict 12:21:38
### kube-apiserver-1.36.3-1.36.4 whole 12:21:54
### cockroach-26.2.4-26.2.5 datapredict 12:22:39
### done kube-apiserver-1.36.3-1.36.4 12:22:53
### terraform-1.15.8-1.15.9 predict 12:22:53
### cockroach-26.2.4-26.2.5 whole 12:24:22
### terraform-1.15.8-1.15.9 pclnpredict 12:24:57
### terraform-1.15.8-1.15.9 datapredict 12:25:29
### terraform-1.15.8-1.15.9 whole 12:26:14
### done cockroach-26.2.4-26.2.5 12:27:16
### vault-2.0.3-2.0.4 predict 12:27:16
### done terraform-1.15.8-1.15.9 12:27:40
### prometheus-3.13.2-3.14.0 predict 12:27:40
### prometheus-3.13.2-3.14.0 whole 12:29:14
### vault-2.0.3-2.0.4 whole 12:29:43
### FAILED rc=2 vault-2.0.3-2.0.4 whole
### done vault-2.0.3-2.0.4 12:30:19
### done prometheus-3.13.2-3.14.0 12:30:30
### all done 12:30:30
