== predict .text ../out/corpus/terraform/1.15.8/terraform -> ../out/corpus/terraform/1.15.9/terraform
match: exact=143363 normalised=9 content=92 unmatched-new=669 unmatched-old=67
layout table: raw 355888 B, zstd 10598 B
x86asm decode of old .text: 13895965 insns, 7880 failures, 1.996s => 28.1 MB/s single-thread
datamap .rodata (block 16, masked pointers=456166): blocks=1416804 matched=946084 ambiguous=5271 unmatched=465449 shift-changes=7267
datamap .noptrdata (block 16, masked pointers=2396): blocks=108961 matched=93596 ambiguous=115 unmatched=15250 shift-changes=853
datamap .data (block 16, masked pointers=29203): blocks=38539 matched=36109 ambiguous=2032 unmatched=398 shift-changes=194
datamap build time: 2.806s
shift table .bss: 112 breakpoints from 76386 samples, 267 B raw: @7008:+8 @7576:+16 @9208:+24 @9528:+40 @19840:-10616 @19848:+32
shift table .noptrbss: 17 breakpoints from 141142 samples, 44 B raw: @100:-1 @103:+1 @106:+5 @186:+4 @190:+6 @204:+8
shift tables raw total: 311 B
BASELINE old.text -> new.text: bsdiff=2092232 hdiffz=1999646 zstd=0 rawdiff=53169950 runs=1742200 (bsdiff 33.9s hdiffz 9.7s zstd 0.0s)
P0 layout-copy (no relocation)     bsdiff=2095190 hdiffz=2003138 zstd=0 rawdiff=5787691 runs=1497137  predict-time=0.17s
P1 reloc, M=section-identity       bsdiff=1280026 hdiffz=1308346 zstd=0 rawdiff=3271436 runs=795915  predict-time=0.50s
    insns=13873539 decode-failures=7942 refs: text-self=1203472 text-matched=836783 text-unmatched=38 rodata=471665 noptrdata=2389 data=67394 bss/noptrbss=226042 other-section=11 outside-image=520
P2 reloc, M=content-map+bss-shift  bsdiff=370333 hdiffz=352293 zstd=0 rawdiff=1760301 runs=91082  predict-time=0.49s
    insns=13873539 decode-failures=7942 refs: text-self=1203472 text-matched=836783 text-unmatched=38 rodata=471665 noptrdata=2389 data=67394 bss/noptrbss=226042 other-section=11 outside-image=520
residual breakdown (P2): total differing bytes in functions=1760301: changed-function content=1514496, new functions=232688, mispredicted refs: text-matched=37 text-unmatched=12 rodata=7214 noptrdata=14 data=5840, non-reference bytes in unchanged functions=0, outside functions=0
functions with residual differences: 7701; top: github.com/envoyproxy/go-control-plane/envoy/config/cluster/v3.(*Cluster).validate=57633 github.com/envoyproxy/go-control-plane/envoy/extensions/filters/network/http_connection_manager/v3.(*HttpConnectionManager).validate=52390 github.com/envoyproxy/go-control-plane/envoy/config/bootstrap/v3.(*Bootstrap).validate=43151 github.com/envoyproxy/go-control-plane/envoy/config/route/v3.(*RouteAction).validate=38006 github.com/envoyproxy/go-control-plane/envoy/config/listener/v3.(*Listener).validate=33049 github.com/envoyproxy/go-control-plane/envoy/config/route/v3.(*VirtualHost).validate=25022 github.com/envoyproxy/go-control-plane/envoy/config/route/v3.(*Route).validate=21696 github.com/envoyproxy/go-control-plane/envoy/config/rbac/v3.(*Principal).validate=20147 github.com/envoyproxy/go-control-plane/envoy/config/accesslog/v3.(*AccessLogFilter).validate=19615 github.com/envoyproxy/go-control-plane/envoy/config/route/v3.(*RouteMatch).validate=19387 github.com/envoyproxy/go-control-plane/envoy/config/rbac/v3.(*Permission).validate=18976 github.com/envoyproxy/go-control-plane/envoy/config/route/v3.(*RateLimit_Action).validate=18192 github.com/envoyproxy/go-control-plane/envoy/config/core/v3.(*HealthCheck).validate=17039 github.com/envoyproxy/go-control-plane/envoy/config/tap/v3.(*MatchPredicate).validate=14154 github.com/envoyproxy/go-control-plane/envoy/config/common/matcher/v3.(*MatchPredicate).validate=13980
changed functions (content differs after masking PC-rel fields, or new): 5084, old 3064800 B -> new 3398752 B; delta of just those: bsdiff=500024 hdiffz=434592 zstd=0 rawdiff=3255807 runs=99574; new bytes alone zstd=671626
  changed: runtime/pprof.runtime_setProfLabel, math.archExp, vendor/golang.org/x/crypto/chacha20poly1305.chacha20Poly1305Open, vendor/golang.org/x/crypto/chacha20poly1305.chacha20Poly1305Seal, golang.org/x/text/unicode/norm.compInfo, golang.org/x/text/unicode/norm.nextComposed, golang.org/x/text/unicode/norm.(*formInfo).quickSpan, golang.org/x/text/unicode/norm.lastBoundary, golang.org/x/text/unicode/norm.decomposeSegment, golang.org/x/net/idna.(*Profile).process, github.com/hashicorp/go-slug/internal/ignorefiles.(*rule).match, github.com/hashicorp/go-slug/internal/ignorefiles.(*rule).compile, google.golang.org/grpc/internal/envconfig.init, google.golang.org/grpc/internal/envconfig.goroutineLabelsFromEnv, google.golang.org/grpc/internal/envconfig.goroutineLabelsFromEnv-range1, google.golang.org/grpc/experimental/stats.RegisterInt64AsyncGauge, google.golang.org/grpc/balancer.Register, google.golang.org/grpc/balancer.Get, google.golang.org/grpc/internal/stats.executeTelemetryLabelCallbacks, golang.org/x/net/http2/hpack.NewEncoder
invertibility: relocating NEW->OLD layout: 9310 matched functions differ from OLD, of which 4415 have changed content; unchanged-content mismatches: [internal/abi.(*Type).Uncommon internal/abi.(*Type).ExportedMethods internal/abi.(*StructType).Uncommon internal/abi.(*SwissMapType).Uncommon internal/abi.(*ArrayType).Uncommon internal/abi.(*FuncType).Uncommon internal/abi.(*InterfaceType).Uncommon internal/abi.(*PtrType).Uncommon internal/runtime/cgroup.FindCPURelativePath internal/runtime/cgroup.FindCPUMountPoint]; residual bsdiff=289704 hdiffz=282280 zstd=0 rawdiff=1474198 runs=91438
