== predict .text ../out/corpus/cockroach/26.2.4/cockroach.stripped -> ../out/corpus/cockroach/26.2.5/cockroach.stripped
match: exact=254603 normalised=125 content=23 unmatched-new=66 unmatched-old=5
layout table: raw 516112 B, zstd 2702 B
x86asm decode of old .text: 25864527 insns, 2347 failures, 3.732s => 28.3 MB/s single-thread
datamap .rodata (block 16, masked pointers=816743): blocks=2588095 matched=1885612 ambiguous=4087 unmatched=698396 shift-changes=6124
datamap .noptrdata (block 16, masked pointers=6842): blocks=508007 matched=320658 ambiguous=4 unmatched=187345 shift-changes=211
datamap .data (block 16, masked pointers=122749): blocks=152109 matched=152100 ambiguous=0 unmatched=9 shift-changes=1
datamap build time: 5.474s
shift table .bss: 3 breakpoints from 107119 samples, 10 B raw: @8672:+8 @10848:+16 @78720:+0
shift table .noptrbss: 0 breakpoints from 197462 samples, 0 B raw:
shift tables raw total: 10 B
BASELINE old.text -> new.text: bsdiff=2849784 hdiffz=2963663 zstd=0 rawdiff=88164290 runs=2997745 (bsdiff 56.6s hdiffz 20.7s zstd 0.0s)
P0 layout-copy (no relocation)     bsdiff=2859754 hdiffz=2970962 zstd=0 rawdiff=6038288 runs=2352886  predict-time=0.24s
P1 reloc, M=section-identity       bsdiff=1279546 hdiffz=1345246 zstd=0 rawdiff=2308673 runs=857386  predict-time=0.89s
    insns=25856452 decode-failures=2350 refs: text-self=2388157 text-matched=1464089 text-unmatched=3 rodata=710778 noptrdata=26023 data=158018 bss/noptrbss=312739 other-section=11 outside-image=500
P2 reloc, M=content-map+bss-shift  bsdiff=152022 hdiffz=143163 zstd=0 rawdiff=726256 runs=64320  predict-time=0.89s
    insns=25856452 decode-failures=2350 refs: text-self=2388157 text-matched=1464089 text-unmatched=3 rodata=710778 noptrdata=26023 data=158018 bss/noptrbss=312739 other-section=11 outside-image=500
residual breakdown (P2): total differing bytes in functions=651131: changed-function content=613538, new functions=34209, mispredicted refs: text-matched=20 rodata=3364, non-reference bytes in unchanged functions=0, outside functions=75125
functions with residual differences: 1698; top: github.com/cockroachdb/cockroach/pkg/sql.init=212111 github.com/cockroachdb/cockroach/pkg/sql/sessiondatapb.(*LocalOnlySessionData).Unmarshal=44633 github.com/cockroachdb/cockroach/pkg/sql/opt/norm.(*Factory).ConstructSelect=38321 github.com/cockroachdb/cockroach/pkg/server.newSQLServer=27473 github.com/cockroachdb/cockroach/pkg/sql/sessiondatapb.(*LocalOnlySessionData).MarshalToSizedBuffer=20690 github.com/cockroachdb/cockroach/pkg/kv/kvserver.init=18911 github.com/cockroachdb/cockroach/pkg/kv/kvserver.newStoreMetrics=18703 github.com/cockroachdb/cockroach/pkg/backup.init=16381 github.com/cockroachdb/cockroach/pkg/sql.(*connExecutor).dispatchToExecutionEngine=10002 github.com/cockroachdb/cockroach/pkg/sql/opt/xform.(*explorer).exploreSelect=7823 github.com/cockroachdb/cockroach/pkg/kv/kvserver.(*mergeQueue).process=7377 github.com/cockroachdb/pebble/sstable/block.(*Reader).doRead=7278 github.com/cockroachdb/cockroach/pkg/sql.(*connExecutor).execBind=6518 github.com/cockroachdb/cockroach/pkg/sql.(*connExecutor).execStmtInOpenState=4889 github.com/cockroachdb/pebble.FlushInfo.SafeFormat=4305
changed functions (content differs after masking PC-rel fields, or new): 751, old 1469952 B -> new 1509600 B; delta of just those: bsdiff=144513 hdiffz=129364 zstd=0 rawdiff=1395280 runs=48829; new bytes alone zstd=460144
  changed: math.archExp, vendor/golang.org/x/crypto/chacha20poly1305.chacha20Poly1305Open, vendor/golang.org/x/crypto/chacha20poly1305.chacha20Poly1305Seal, github.com/cockroachdb/pebble/sstable/block.ValidateChecksum, github.com/cockroachdb/pebble/sstable/block.(*Reader).doRead, github.com/cockroachdb/pebble/sstable/block.(*FlushGovernor).HighWatermark, github.com/cockroachdb/pebble/sstable/colblk.Bitmap.At, github.com/cockroachdb/pebble/sstable/blob.(*FileWriter).AddValue, github.com/cockroachdb/pebble/sstable/blob.(*FileWriter).flush, github.com/cockroachdb/pebble/internal/manifest.(*TableInfo).EstimatedReferenceSize, github.com/zeebo/xxh3.accumAVX512, github.com/cockroachdb/pebble.(*DB).newIter, github.com/cockroachdb/pebble.(*Iterator).constructPointIter, github.com/cockroachdb/pebble.FormatTablesWithSizes, github.com/cockroachdb/pebble.formatTotalSize, github.com/cockroachdb/pebble.LevelInfo.SafeFormat, github.com/cockroachdb/pebble.FormatBlobsWithSizes, github.com/cockroachdb/pebble.formatOutputBlobs, github.com/cockroachdb/pebble.CompactionInfo.SafeFormat, github.com/cockroachdb/pebble.FlushInfo.SafeFormat
invertibility: relocating NEW->OLD layout: 1643 matched functions differ from OLD, of which 651 have changed content; unchanged-content mismatches: [runtime.gopanic os.init os.ReadDir os.newHandleProcess os.newFile os.Getwd fmt.(*ss).Token fmt.(*ss).convertString fmt.(*ss).scanOne fmt.(*ss).advance]; residual bsdiff=135174 hdiffz=132224 zstd=0 rawdiff=690441 runs=64128
