### Measured transfer curve per profile (cc=cubic): seconds for a single-connection GET, from netem medians

| profile | link | fresh-conn overhead s (connect+TTFB) | 304 s | t(64 KB) | t(1 MB) | t(8 MB) | t(30 MB) | t(100 MB) | t(300 MB) | tail rate Mbit/s | 8-way t(30 MB) | timeouts |
|---|---|---:|---:|---:|---:|---:|---:|---:|---:|---:|---:|---|
| A | 100 Mbit/100 ms/0% | 0.20 | 0.20 | 0.4 | 0.8 | 1.8 | 3.7* | 9.8* | 27.4* | 95.49 | 3.4 | - |
| B | 20 Mbit/200 ms/0% | 0.40 | 0.40 | 0.8 | 1.7 | 5.1 | 14.8* | 45.5* | 133.2* | 19.13 | 13.8 | - |
| C | 20 Mbit/200 ms/1% | 0.40 | 0.40 | 1.0 | 5.1 | 56.9 | 222.2* | 748.2* | 2251.0* | 1.12 | 31.9 | - |
| D | 5 Mbit/300 ms/2% | 0.60 | 0.60 | 1.6 | 13.7 | 130.8 | 508.0* | 1708.3* | 5137.6* | 0.49 | 100.0 | blob-25m (not measured) |

(* = beyond the largest measured object for that profile: linear extrapolation at the tail rate, i.e. model, not measurement. Profile D's largest measured object is 8.4 MB.)

### Transfer + encode + apply per pair and method (seconds); enc = single-thread unless the method is multithreaded

| pair | method | patch B | enc s | apply s | A: xfer / total | B: xfer / total | C: xfer / total | D: xfer / total | D 8-way xfer |
|---|---|---:|---:|---:|---:|---:|---:|---:|---:|
| prometheus-3.13.1-3.13.2-stripped | full download | 23,808,116 | 12.4 | 0.08 | 3.0 / 15.5 | 11.6 / 24.0 | 167.4 / 179.9 | 383.0 / 395.4 | 75.7 |
| prometheus-3.13.1-3.13.2-stripped | hdiffz -m-6 -p-8 | 2,730,887 | 7.5 | 0.06 | 1.2 / 8.8 | 2.8 / 10.3 | 15.2 / 22.8 | 38.3 / 45.9 | 38.3 |
| prometheus-3.13.1-3.13.2-stripped | hdiffz -m-6 | 2,732,978 | 15.5 | 0.10 | 1.2 / 16.8 | 2.8 / 18.4 | 15.2 / 30.8 | 38.3 / 53.9 | 38.3 |
| prometheus-3.13.1-3.13.2-stripped | zstd -19 -T0 --patch-from | 8,279,163 | 31.8 | 0.30 | 1.7 / 33.8 | 5.1 / 37.2 | 56.1 / 88.2 | 129.0 / 161.1 | 26.3 |
| prometheus-3.13.1-3.13.2-stripped | bsdiff | 2,714,204 | 54.5 | 0.51 | 1.2 / 56.2 | 2.7 / 57.7 | 15.1 / 70.1 | 38.0 / 93.0 | 38.0 |
| prometheus-3.13.1-3.13.2-stripped | xdelta3 -9 lzma | 11,256,241 | 10.0 | 0.46 | 2.0 / 12.5 | 6.3 / 16.8 | 77.5 / 88.0 | 177.7 / 188.2 | 35.8 |
| prometheus-3.13.2-3.14.0-stripped | full download | 24,326,673 | 11.9 | 0.08 | 3.1 / 15.1 | 11.8 / 23.8 | 171.1 / 183.2 | 391.4 / 403.5 | 77.3 |
| prometheus-3.13.2-3.14.0-stripped | hdiffz -m-6 -p-8 | 8,593,347 | 10.7 | 0.09 | 1.8 / 12.6 | 5.2 / 16.0 | 58.4 / 69.2 | 134.2 / 145.0 | 27.3 |
| prometheus-3.13.2-3.14.0-stripped | hdiffz -m-6 | 8,599,007 | 20.1 | 0.10 | 1.8 / 21.9 | 5.2 / 25.4 | 58.4 / 78.6 | 134.3 / 154.4 | 27.3 |
| prometheus-3.13.2-3.14.0-stripped | zstd -19 -T0 --patch-from | 13,425,596 | 41.9 | 0.22 | 2.2 / 44.3 | 7.2 / 49.3 | 93.0 / 135.1 | 213.2 / 255.3 | 42.7 |
| prometheus-3.13.2-3.14.0-stripped | bsdiff | 9,808,003 | 80.9 | 1.07 | 1.9 / 83.8 | 5.7 / 87.7 | 67.1 / 149.0 | 154.0 / 236.0 | 31.2 |
| prometheus-3.13.2-3.14.0-stripped | xdelta3 -9 lzma | 17,343,600 | 12.6 | 0.51 | 2.5 / 15.6 | 8.9 / 22.0 | 121.1 / 134.2 | 277.3 / 290.4 | 55.1 |
| kube-apiserver-1.36.3-1.36.4 | full download | 19,072,059 | 11.0 | 0.07 | 2.7 / 13.7 | 9.6 / 20.6 | 133.5 / 144.5 | 305.5 / 316.6 | 60.6 |
| kube-apiserver-1.36.3-1.36.4 | hdiffz -m-6 -p-8 | 2,367,788 | 7.0 | 0.08 | 1.2 / 8.3 | 2.6 / 9.7 | 12.6 / 19.6 | 32.4 / 39.5 | 32.4 |
| kube-apiserver-1.36.3-1.36.4 | hdiffz -m-6 | 2,366,695 | 15.2 | 0.09 | 1.2 / 16.5 | 2.6 / 17.9 | 12.5 / 27.8 | 32.4 / 47.7 | 32.4 |
| kube-apiserver-1.36.3-1.36.4 | zstd -19 -T0 --patch-from | 7,078,385 | 28.6 | 0.11 | 1.6 / 30.3 | 4.6 / 33.2 | 47.3 / 75.9 | 109.4 / 138.1 | 22.5 |
| kube-apiserver-1.36.3-1.36.4 | bsdiff | 2,060,250 | 49.6 | 0.44 | 1.2 / 51.2 | 2.5 / 52.6 | 10.3 / 60.4 | 27.3 / 77.4 | 27.3 |
| kube-apiserver-1.36.3-1.36.4 | xdelta3 -9 lzma | 10,044,293 | 9.6 | 0.38 | 1.9 / 11.9 | 5.8 / 15.8 | 68.8 / 78.8 | 157.9 / 167.9 | 31.9 |
| terraform-1.15.8-1.15.9 | full download | 25,547,524 | 10.9 | 0.09 | 3.2 / 14.2 | 12.3 / 23.3 | 179.9 / 190.9 | 411.4 / 422.4 | 81.2 |
| terraform-1.15.8-1.15.9 | hdiffz -m-6 -p-8 | 4,913,545 | 9.7 | 0.08 | 1.4 / 11.2 | 3.7 / 13.5 | 31.3 / 41.1 | 74.0 / 83.8 | 15.6 |
| terraform-1.15.8-1.15.9 | hdiffz -m-6 | 4,918,933 | 19.9 | 0.12 | 1.4 / 21.5 | 3.7 / 23.7 | 31.3 / 51.4 | 74.1 / 94.1 | 15.6 |
| terraform-1.15.8-1.15.9 | zstd -19 -T0 --patch-from | 11,320,635 | 32.5 | 0.16 | 2.0 / 34.6 | 6.3 / 39.0 | 77.9 / 110.6 | 178.8 / 211.4 | 36.0 |
| terraform-1.15.8-1.15.9 | bsdiff | 5,427,575 | 85.0 | 0.90 | 1.5 / 87.4 | 3.9 / 89.8 | 35.1 / 121.0 | 82.4 / 168.3 | 17.3 |
| terraform-1.15.8-1.15.9 | xdelta3 -9 lzma | 15,065,548 | 15.4 | 0.55 | 2.3 / 18.3 | 7.9 / 23.9 | 104.8 / 120.8 | 240.0 / 256.0 | 47.9 |
| cockroach-26.2.4-26.2.5-stripped | full download | 58,377,272 | 17.6 | 0.19 | 5.9 / 23.7 | 26.0 / 43.8 | 415.1 / 432.9 | 948.2 / 966.0 | 185.6 |
| cockroach-26.2.4-26.2.5-stripped | hdiffz -m-6 -p-8 | 9,457,347 | 26.0 | 0.18 | 1.8 / 28.0 | 5.6 / 31.7 | 64.6 / 90.7 | 148.3 / 174.4 | 30.1 |
| cockroach-26.2.4-26.2.5-stripped | hdiffz -m-6 | 9,455,199 | 43.5 | 0.22 | 1.8 / 45.5 | 5.6 / 49.3 | 64.6 / 108.3 | 148.3 / 192.0 | 30.1 |
| cockroach-26.2.4-26.2.5-stripped | zstd -19 -T0 --patch-from | 23,782,446 | 40.4 | 0.34 | 3.0 / 43.8 | 11.6 / 52.3 | 167.2 / 208.0 | 382.5 / 423.3 | 75.6 |
| cockroach-26.2.4-26.2.5-stripped | bsdiff | 8,588,309 | 150.2 | 1.23 | 1.8 / 153.2 | 5.2 / 156.7 | 58.4 / 209.8 | 134.1 / 285.6 | 27.3 |
| cockroach-26.2.4-26.2.5-stripped | xdelta3 -9 lzma | 29,435,656 | 40.0 | 0.99 | 3.5 / 44.5 | 13.9 / 54.9 | 207.7 / 248.8 | 475.0 / 516.0 | 93.6 |
| vault-2.0.3-2.0.4-stripped | full download | 67,677,354 | 18.4 | 0.26 | 6.7 / 25.3 | 29.9 / 48.5 | 481.8 / 500.4 | 1100.3 / 1118.9 | 215.2 |
| vault-2.0.3-2.0.4-stripped | hdiffz -m-6 -p-8 | 11,787,185 | 36.0 | 0.23 | 2.0 / 38.3 | 6.5 / 42.8 | 81.3 / 117.6 | 186.4 / 222.7 | 37.5 |
| vault-2.0.3-2.0.4-stripped | hdiffz -m-6 | 11,752,681 | 70.0 | 0.28 | 2.0 / 72.3 | 6.5 / 76.8 | 81.0 / 151.3 | 185.8 / 256.1 | 37.4 |
| vault-2.0.3-2.0.4-stripped | zstd -19 -T0 --patch-from | 36,507,981 | 36.0 | 0.60 | 4.1 / 40.7 | 16.9 / 53.5 | 258.4 / 295.0 | 590.6 / 627.2 | 116.1 |
| vault-2.0.3-2.0.4-stripped | bsdiff | 12,108,972 | 267.2 | 2.04 | 2.1 / 271.3 | 6.7 / 275.9 | 83.6 / 352.8 | 191.7 / 460.9 | 38.5 |
| vault-2.0.3-2.0.4-stripped | xdelta3 -9 lzma | 44,822,809 | 54.6 | 1.79 | 4.8 / 61.2 | 20.4 / 76.7 | 318.0 / 374.4 | 726.6 / 783.0 | 142.5 |
| F2.v1-v5 | full download | 8,433,714 | 7.7 | 0.02 | 1.8 / 9.5 | 5.1 / 12.9 | 57.2 / 65.0 | 131.6 / 139.3 | 26.8 |
| F2.v1-v5 | hdiffz -m-6 -p-8 | 573,285 | 1.5 | 0.01 | 0.6 / 2.1 | 1.3 / 2.8 | 3.1 / 4.6 | 7.8 / 9.3 | 7.8 |
| F2.v1-v5 | hdiffz -m-6 | 572,895 | 3.1 | 0.02 | 0.6 / 3.7 | 1.3 / 4.4 | 3.1 / 6.2 | 7.8 / 10.9 | 7.8 |
| F2.v1-v5 | zstd -19 -T0 --patch-from | 1,758,395 | 14.9 | 0.03 | 1.1 / 16.1 | 2.3 / 17.3 | 8.1 / 23.0 | 22.4 / 37.4 | 22.4 |
| F2.v1-v5 | bsdiff | 470,031 | 9.5 | 0.18 | 0.6 / 10.3 | 1.2 / 10.9 | 2.7 / 12.4 | 6.6 / 16.3 | 6.6 |
| F2.v1-v5 | xdelta3 -9 lzma | 2,721,791 | 3.4 | 0.12 | 1.2 / 4.8 | 2.7 / 6.3 | 15.2 / 18.7 | 38.2 / 41.7 | 38.2 |
| F2.v4-v5 | full download | 8,433,714 | 6.5 | 0.03 | 1.8 / 8.2 | 5.1 / 11.6 | 57.2 / 63.7 | 131.6 / 138.1 | 26.8 |
| F2.v4-v5 | hdiffz -m-6 -p-8 | 579,001 | 1.6 | 0.01 | 0.6 / 2.2 | 1.3 / 2.9 | 3.2 / 4.8 | 7.9 / 9.5 | 7.9 |
| F2.v4-v5 | hdiffz -m-6 | 578,505 | 3.0 | 0.02 | 0.6 / 3.6 | 1.3 / 4.3 | 3.2 / 6.2 | 7.9 / 10.9 | 7.9 |
| F2.v4-v5 | zstd -19 -T0 --patch-from | 1,755,495 | 13.6 | 0.03 | 1.1 / 14.7 | 2.3 / 15.9 | 8.0 / 21.6 | 22.4 / 36.0 | 22.4 |
| F2.v4-v5 | bsdiff | 470,743 | 9.4 | 0.12 | 0.6 / 10.1 | 1.2 / 10.8 | 2.7 / 12.3 | 6.6 / 16.1 | 6.6 |
| F2.v4-v5 | xdelta3 -9 lzma | 2,723,865 | 2.8 | 0.11 | 1.2 / 4.1 | 2.7 / 5.7 | 15.2 / 18.1 | 38.2 / 41.1 | 38.2 |

### Resume cost when the connection drops at 50 % (bytes re-downloaded; extra seconds vs. no drop)

| pair | method | patch B | no Range: re-download B | A no-Range extra s / Range extra s | B no-Range extra s / Range extra s | C no-Range extra s / Range extra s | D no-Range extra s / Range extra s |
|---|---|---:|---:|---:|---:|---:|---:|
| prometheus-3.13.1-3.13.2-stripped | full download | 23,808,116 | 23,808,116 (Range: 11,904,058 remaining, 0 wasted) | 3.0 / 1.1 | 11.6 / 1.6 | 167.4 / 0.0 | 383.0 / 0.0 |
| prometheus-3.13.1-3.13.2-stripped | hdiffz -m-6 -p-8 | 2,730,887 | 2,730,887 (Range: 1,365,443 remaining, 0 wasted) | 1.2 / 0.7 | 2.8 / 1.2 | 15.2 / 0.0 | 38.3 / 0.0 |
| prometheus-3.13.1-3.13.2-stripped | zstd -19 -T0 --patch-from | 8,279,163 | 8,279,163 (Range: 4,139,581 remaining, 0 wasted) | 1.7 / 1.0 | 5.1 / 1.6 | 56.1 / 0.0 | 129.0 / 0.0 |
| prometheus-3.13.1-3.13.2-stripped | bsdiff | 2,714,204 | 2,714,204 (Range: 1,357,102 remaining, 0 wasted) | 1.2 / 0.7 | 2.7 / 1.2 | 15.1 / 0.0 | 38.0 / 0.0 |
| prometheus-3.13.2-3.14.0-stripped | full download | 24,326,673 | 24,326,673 (Range: 12,163,336 remaining, 0 wasted) | 3.1 / 1.1 | 11.8 / 1.6 | 171.1 / 0.0 | 391.4 / 0.0 |
| prometheus-3.13.2-3.14.0-stripped | hdiffz -m-6 -p-8 | 8,593,347 | 8,593,347 (Range: 4,296,673 remaining, 0 wasted) | 1.8 / 1.0 | 5.2 / 1.6 | 58.4 / 0.0 | 134.2 / 0.0 |
| prometheus-3.13.2-3.14.0-stripped | zstd -19 -T0 --patch-from | 13,425,596 | 13,425,596 (Range: 6,712,798 remaining, 0 wasted) | 2.2 / 1.0 | 7.2 / 1.6 | 93.0 / 0.0 | 213.2 / 0.0 |
| prometheus-3.13.2-3.14.0-stripped | bsdiff | 9,808,003 | 9,808,003 (Range: 4,904,001 remaining, 0 wasted) | 1.9 / 1.0 | 5.7 / 1.6 | 67.1 / 0.0 | 154.0 / 0.0 |
| kube-apiserver-1.36.3-1.36.4 | full download | 19,072,059 | 19,072,059 (Range: 9,536,029 remaining, 0 wasted) | 2.7 / 1.1 | 9.6 / 1.6 | 133.5 / 0.0 | 305.5 / 0.0 |
| kube-apiserver-1.36.3-1.36.4 | hdiffz -m-6 -p-8 | 2,367,788 | 2,367,788 (Range: 1,183,894 remaining, 0 wasted) | 1.2 / 0.6 | 2.6 / 1.1 | 12.6 / 0.0 | 32.4 / 0.0 |
| kube-apiserver-1.36.3-1.36.4 | zstd -19 -T0 --patch-from | 7,078,385 | 7,078,385 (Range: 3,539,192 remaining, 0 wasted) | 1.6 / 1.0 | 4.6 / 1.6 | 47.3 / 0.0 | 109.4 / 0.0 |
| kube-apiserver-1.36.3-1.36.4 | bsdiff | 2,060,250 | 2,060,250 (Range: 1,030,125 remaining, 0 wasted) | 1.2 / 0.5 | 2.5 / 0.9 | 10.3 / 0.0 | 27.3 / 0.0 |
| terraform-1.15.8-1.15.9 | full download | 25,547,524 | 25,547,524 (Range: 12,773,762 remaining, 0 wasted) | 3.2 / 1.1 | 12.3 / 1.6 | 179.9 / 0.0 | 411.4 / 0.0 |
| terraform-1.15.8-1.15.9 | hdiffz -m-6 -p-8 | 4,913,545 | 4,913,545 (Range: 2,456,772 remaining, 0 wasted) | 1.4 / 1.0 | 3.7 / 1.6 | 31.3 / 0.0 | 74.0 / 0.0 |
| terraform-1.15.8-1.15.9 | zstd -19 -T0 --patch-from | 11,320,635 | 11,320,635 (Range: 5,660,317 remaining, 0 wasted) | 2.0 / 1.0 | 6.3 / 1.6 | 77.9 / 0.0 | 178.8 / 0.0 |
| terraform-1.15.8-1.15.9 | bsdiff | 5,427,575 | 5,427,575 (Range: 2,713,787 remaining, 0 wasted) | 1.5 / 1.0 | 3.9 / 1.6 | 35.1 / 0.0 | 82.4 / 0.0 |
| cockroach-26.2.4-26.2.5-stripped | full download | 58,377,272 | 58,377,272 (Range: 29,188,636 remaining, 0 wasted) | 5.9 / 1.1 | 26.0 / 1.6 | 415.1 / 0.0 | 948.2 / 0.0 |
| cockroach-26.2.4-26.2.5-stripped | hdiffz -m-6 -p-8 | 9,457,347 | 9,457,347 (Range: 4,728,673 remaining, 0 wasted) | 1.8 / 1.0 | 5.6 / 1.6 | 64.6 / 0.0 | 148.3 / 0.0 |
| cockroach-26.2.4-26.2.5-stripped | zstd -19 -T0 --patch-from | 23,782,446 | 23,782,446 (Range: 11,891,223 remaining, 0 wasted) | 3.0 / 1.1 | 11.6 / 1.6 | 167.2 / 0.0 | 382.5 / 0.0 |
| cockroach-26.2.4-26.2.5-stripped | bsdiff | 8,588,309 | 8,588,309 (Range: 4,294,154 remaining, 0 wasted) | 1.8 / 1.0 | 5.2 / 1.6 | 58.4 / 0.0 | 134.1 / 0.0 |
| vault-2.0.3-2.0.4-stripped | full download | 67,677,354 | 67,677,354 (Range: 33,838,677 remaining, 0 wasted) | 6.7 / 1.1 | 29.9 / 1.6 | 481.8 / 0.0 | 1100.3 / 0.0 |
| vault-2.0.3-2.0.4-stripped | hdiffz -m-6 -p-8 | 11,787,185 | 11,787,185 (Range: 5,893,592 remaining, 0 wasted) | 2.0 / 1.0 | 6.5 / 1.6 | 81.3 / 0.0 | 186.4 / 0.0 |
| vault-2.0.3-2.0.4-stripped | zstd -19 -T0 --patch-from | 36,507,981 | 36,507,981 (Range: 18,253,990 remaining, 0 wasted) | 4.1 / 1.1 | 16.9 / 1.6 | 258.4 / 0.0 | 590.6 / 0.0 |
| vault-2.0.3-2.0.4-stripped | bsdiff | 12,108,972 | 12,108,972 (Range: 6,054,486 remaining, 0 wasted) | 2.1 / 1.0 | 6.7 / 1.6 | 83.6 / 0.0 | 191.7 / 0.0 |
| F2.v1-v5 | full download | 8,433,714 | 8,433,714 (Range: 4,216,857 remaining, 0 wasted) | 1.8 / 1.0 | 5.1 / 1.6 | 57.2 / 0.0 | 131.6 / 0.0 |
| F2.v1-v5 | hdiffz -m-6 -p-8 | 573,285 | 573,285 (Range: 286,642 remaining, 0 wasted) | 0.6 / 0.4 | 1.3 / 0.8 | 3.1 / 0.8 | 7.8 / 0.8 |
| F2.v1-v5 | zstd -19 -T0 --patch-from | 1,758,395 | 1,758,395 (Range: 879,197 remaining, 0 wasted) | 1.1 / 0.4 | 2.3 / 0.8 | 8.1 / 0.8 | 22.4 / 0.8 |
| F2.v1-v5 | bsdiff | 470,031 | 470,031 (Range: 235,015 remaining, 0 wasted) | 0.6 / 0.4 | 1.2 / 0.8 | 2.7 / 0.8 | 6.6 / 0.8 |
| F2.v4-v5 | full download | 8,433,714 | 8,433,714 (Range: 4,216,857 remaining, 0 wasted) | 1.8 / 1.0 | 5.1 / 1.6 | 57.2 / 0.0 | 131.6 / 0.0 |
| F2.v4-v5 | hdiffz -m-6 -p-8 | 579,001 | 579,001 (Range: 289,500 remaining, 0 wasted) | 0.6 / 0.4 | 1.3 / 0.8 | 3.2 / 0.8 | 7.9 / 0.8 |
| F2.v4-v5 | zstd -19 -T0 --patch-from | 1,755,495 | 1,755,495 (Range: 877,747 remaining, 0 wasted) | 1.1 / 0.4 | 2.3 / 0.8 | 8.0 / 0.8 | 22.4 / 0.8 |
| F2.v4-v5 | bsdiff | 470,743 | 470,743 (Range: 235,371 remaining, 0 wasted) | 0.6 / 0.4 | 1.2 / 0.8 | 2.7 / 0.8 | 6.6 / 0.8 |

### When does a second HTTP request stop mattering? (patch as a separate object vs inline in the pointer)

| profile | extra request cost s (fresh conn, plain HTTP) | +TLS 1.3 (1 RTT) s | size where transfer = 1x cost | = 10x cost (overhead < 10 %) | 304 poll s |
|---|---:|---:|---:|---:|---:|
| A | 0.20 | 0.30 | 59 KB | 13.1 MB | 0.20 |
| B | 0.40 | 0.60 | 58 KB | 6.4 MB | 0.40 |
| C | 0.40 | 0.60 | 39 KB | 0.8 MB | 0.40 |
| D | 0.60 | 0.90 | 39 KB | 0.5 MB | 0.60 |
