### Patch size (bytes) per pair and method

| pair | NEW size | bsdiff | hdiffz-m6 | hdiffz-m6-p8 | hdiffz-s64 | zstd-19 | zstd-19-T0 | xdelta3-9-lzma | full-zstd-19 | full-zstd-19-T0 |
|---|---:|---:|---:|---:|---:|---:|---:|---:|---:|---:|
| F2.v1-v5 | 29,561,097 | 470,031 | 572,895 | 573,285 | 3,445,605 | 1,758,395 | 1,758,395 | 2,721,791 | 8,433,714 | 8,433,714 |
| F2.v4-v5 | 29,561,097 | 470,743 | 578,505 | 579,001 | 3,445,613 | 1,755,495 | 1,755,495 | 2,723,865 | 8,433,714 | 8,433,714 |
| kube-apiserver-1.36.3-1.36.4 | 88,436,898 | 2,060,250 | 2,366,695 | 2,367,788 | 10,388,211 | 7,078,385 | 7,078,385 | 10,044,293 | 19,072,059 | 19,072,059 |
| prometheus-3.13.1-3.13.2-stripped | 97,577,304 | 2,714,204 | 2,732,978 | 2,730,887 | 11,390,472 | 8,279,163 | 8,279,163 | 11,256,241 | 23,808,116 | 23,808,116 |
| prometheus-3.13.2-3.14.0-stripped | 102,514,648 | 9,808,003 | 8,599,007 | 8,593,347 | 16,225,396 | 13,425,596 | 13,425,596 | 17,343,600 | 24,326,673 | 24,326,673 |
| terraform-1.15.8-1.15.9 | 117,838,008 | 5,427,575 | 4,918,933 | 4,913,545 | 14,826,573 | 11,320,635 | 11,320,635 | 15,065,548 | 25,547,524 | 25,547,524 |
| prometheus-3.13.1-3.13.2 | 135,899,968 | 28,108,743 | 27,879,860 | 27,879,870 | 36,544,395 | 33,438,259 | 33,438,259 | 37,570,665 | 49,598,993 | 49,598,993 |
| prometheus-3.13.2-3.14.0 | 142,095,522 | 36,068,700 | 34,677,348 | 34,665,529 | 42,108,809 | 39,287,096 | 39,287,096 | 42,730,327 | 50,819,527 | 50,819,527 |
| cockroach-26.2.4-26.2.5-stripped | 230,309,064 | 8,588,309 | 9,455,199 | 9,457,347 | 29,454,522 | - | 23,782,446 | 29,435,656 | - | 58,377,272 |
| cockroach-26.2.4-26.2.5 | 326,116,488 | 67,624,518 | 67,792,784 | 67,827,098 | 88,406,171 | - | 82,710,339 | 86,462,021 | - | 119,699,162 |
| vault-2.0.3-2.0.4-stripped | 393,769,576 | 12,108,972 | 11,752,681 | 11,787,185 | 40,451,947 | - | 36,507,981 | 44,822,809 | - | 67,677,354 |
| vault-2.0.3-2.0.4 | 537,754,780 | ERR | 91,132,633 | 91,148,620 | 119,765,773 | - | 115,826,792 | 126,749,351 | - | 149,329,950 |

### Patch size as % of the full `zstd -19 -T0` download

| pair | full B | bsdiff | hdiffz-m6 | hdiffz-m6-p8 | hdiffz-s64 | zstd-19 | zstd-19-T0 | xdelta3-9-lzma |
|---|---:|---:|---:|---:|---:|---:|---:|---:|
| F2.v1-v5 | 8,433,714 | 5.6% | 6.8% | 6.8% | 40.9% | 20.8% | 20.8% | 32.3% |
| F2.v4-v5 | 8,433,714 | 5.6% | 6.9% | 6.9% | 40.9% | 20.8% | 20.8% | 32.3% |
| kube-apiserver-1.36.3-1.36.4 | 19,072,059 | 10.8% | 12.4% | 12.4% | 54.5% | 37.1% | 37.1% | 52.7% |
| prometheus-3.13.1-3.13.2-stripped | 23,808,116 | 11.4% | 11.5% | 11.5% | 47.8% | 34.8% | 34.8% | 47.3% |
| prometheus-3.13.2-3.14.0-stripped | 24,326,673 | 40.3% | 35.3% | 35.3% | 66.7% | 55.2% | 55.2% | 71.3% |
| terraform-1.15.8-1.15.9 | 25,547,524 | 21.2% | 19.3% | 19.2% | 58.0% | 44.3% | 44.3% | 59.0% |
| prometheus-3.13.1-3.13.2 | 49,598,993 | 56.7% | 56.2% | 56.2% | 73.7% | 67.4% | 67.4% | 75.7% |
| prometheus-3.13.2-3.14.0 | 50,819,527 | 71.0% | 68.2% | 68.2% | 82.9% | 77.3% | 77.3% | 84.1% |
| cockroach-26.2.4-26.2.5-stripped | 58,377,272 | 14.7% | 16.2% | 16.2% | 50.5% | - | 40.7% | 50.4% |
| cockroach-26.2.4-26.2.5 | 119,699,162 | 56.5% | 56.6% | 56.7% | 73.9% | - | 69.1% | 72.2% |
| vault-2.0.3-2.0.4-stripped | 67,677,354 | 17.9% | 17.4% | 17.4% | 59.8% | - | 53.9% | 66.2% |
| vault-2.0.3-2.0.4 | 149,329,950 | - | 61.0% | 61.0% | 80.2% | - | 77.6% | 84.9% |

### Encode / apply wall time (s, min of reps) and peak RSS (MB, max of reps)

| pair | method | patch B | enc s | enc RSS MB | apply s | apply RSS MB | reps | verified |
|---|---|---:|---:|---:|---:|---:|---:|---|
| F2.v1-v5 | bsdiff | 470,031 | 9.52 | 255 | 0.18 | 62 | 3 | True |
| F2.v1-v5 | hdiffz-m6 | 572,895 | 3.07 | 126 | 0.02 | 13 | 3 | True |
| F2.v1-v5 | hdiffz-m6-p8 | 573,285 | 1.50 | 129 | 0.01 | 13 | 3 | True |
| F2.v1-v5 | hdiffz-s64 | 3,445,605 | 3.16 | 211 | 0.09 | 23 | 3 | True |
| F2.v1-v5 | zstd-19 | 1,758,395 | 18.50 | 160 | 0.04 | 60 | 3 | True |
| F2.v1-v5 | zstd-19-T0 | 1,758,395 | 14.94 | 160 | 0.03 | 60 | 3 | True |
| F2.v1-v5 | xdelta3-9-lzma | 2,721,791 | 3.41 | 316 | 0.12 | 52 | 3 | True |
| F2.v1-v5 | full-zstd-19 | 8,433,714 | 8.01 | 121 | 0.03 | 12 | 3 | True |
| F2.v1-v5 | full-zstd-19-T0 | 8,433,714 | 7.71 | 121 | 0.02 | 12 | 3 | True |
| F2.v4-v5 | bsdiff | 470,743 | 9.45 | 255 | 0.12 | 62 | 3 | True |
| F2.v4-v5 | hdiffz-m6 | 578,505 | 2.99 | 126 | 0.02 | 13 | 3 | True |
| F2.v4-v5 | hdiffz-m6-p8 | 579,001 | 1.61 | 129 | 0.01 | 13 | 3 | True |
| F2.v4-v5 | hdiffz-s64 | 3,445,613 | 3.30 | 211 | 0.04 | 23 | 3 | True |
| F2.v4-v5 | zstd-19 | 1,755,495 | 17.34 | 160 | 0.05 | 61 | 3 | True |
| F2.v4-v5 | zstd-19-T0 | 1,755,495 | 13.56 | 160 | 0.03 | 60 | 3 | True |
| F2.v4-v5 | xdelta3-9-lzma | 2,723,865 | 2.81 | 316 | 0.11 | 52 | 3 | True |
| F2.v4-v5 | full-zstd-19 | 8,433,714 | 7.68 | 121 | 0.03 | 12 | 3 | True |
| F2.v4-v5 | full-zstd-19-T0 | 8,433,714 | 6.46 | 121 | 0.03 | 12 | 3 | True |
| kube-apiserver-1.36.3-1.36.4 | bsdiff | 2,060,250 | 49.64 | 760 | 0.44 | 175 | 3 | True |
| kube-apiserver-1.36.3-1.36.4 | hdiffz-m6 | 2,366,695 | 15.21 | 373 | 0.09 | 23 | 3 | True |
| kube-apiserver-1.36.3-1.36.4 | hdiffz-m6-p8 | 2,367,788 | 7.00 | 378 | 0.08 | 23 | 3 | True |
| kube-apiserver-1.36.3-1.36.4 | hdiffz-s64 | 10,388,211 | 13.32 | 218 | 0.11 | 27 | 3 | True |
| kube-apiserver-1.36.3-1.36.4 | zstd-19 | 7,078,385 | 29.50 | 410 | 0.13 | 173 | 3 | True |
| kube-apiserver-1.36.3-1.36.4 | zstd-19-T0 | 7,078,385 | 28.55 | 409 | 0.11 | 172 | 3 | True |
| kube-apiserver-1.36.3-1.36.4 | xdelta3-9-lzma | 10,044,293 | 9.64 | 757 | 0.38 | 117 | 3 | True |
| kube-apiserver-1.36.3-1.36.4 | full-zstd-19 | 19,072,059 | 11.29 | 349 | 0.07 | 13 | 3 | True |
| kube-apiserver-1.36.3-1.36.4 | full-zstd-19-T0 | 19,072,059 | 10.99 | 349 | 0.07 | 12 | 3 | True |
| prometheus-3.13.1-3.13.2-stripped | bsdiff | 2,714,204 | 54.49 | 839 | 0.51 | 195 | 3 | True |
| prometheus-3.13.1-3.13.2-stripped | hdiffz-m6 | 2,732,978 | 15.50 | 392 | 0.10 | 26 | 3 | True |
| prometheus-3.13.1-3.13.2-stripped | hdiffz-m6-p8 | 2,730,887 | 7.49 | 398 | 0.06 | 26 | 3 | True |
| prometheus-3.13.1-3.13.2-stripped | hdiffz-s64 | 11,390,472 | 15.48 | 217 | 0.11 | 27 | 3 | True |
| prometheus-3.13.1-3.13.2-stripped | zstd-19 | 8,279,163 | 29.93 | 428 | 0.14 | 190 | 3 | True |
| prometheus-3.13.1-3.13.2-stripped | zstd-19-T0 | 8,279,163 | 31.78 | 428 | 0.30 | 191 | 3 | True |
| prometheus-3.13.1-3.13.2-stripped | xdelta3-9-lzma | 11,256,241 | 10.04 | 766 | 0.46 | 124 | 3 | True |
| prometheus-3.13.1-3.13.2-stripped | full-zstd-19 | 23,808,116 | 10.57 | 363 | 0.08 | 13 | 3 | True |
| prometheus-3.13.1-3.13.2-stripped | full-zstd-19-T0 | 23,808,116 | 12.39 | 363 | 0.08 | 13 | 3 | True |
| prometheus-3.13.2-3.14.0-stripped | bsdiff | 9,808,003 | 80.87 | 839 | 1.07 | 203 | 3 | True |
| prometheus-3.13.2-3.14.0-stripped | hdiffz-m6 | 8,599,007 | 20.06 | 428 | 0.10 | 27 | 3 | True |
| prometheus-3.13.2-3.14.0-stripped | hdiffz-m6-p8 | 8,593,347 | 10.72 | 440 | 0.09 | 26 | 3 | True |
| prometheus-3.13.2-3.14.0-stripped | hdiffz-s64 | 16,225,396 | 17.09 | 218 | 0.15 | 28 | 3 | True |
| prometheus-3.13.2-3.14.0-stripped | zstd-19 | 13,425,596 | 33.37 | 438 | 0.17 | 196 | 3 | True |
| prometheus-3.13.2-3.14.0-stripped | zstd-19-T0 | 13,425,596 | 41.89 | 438 | 0.22 | 195 | 3 | True |
| prometheus-3.13.2-3.14.0-stripped | xdelta3-9-lzma | 17,343,600 | 12.58 | 770 | 0.51 | 130 | 3 | True |
| prometheus-3.13.2-3.14.0-stripped | full-zstd-19 | 24,326,673 | 10.59 | 449 | 0.07 | 13 | 3 | True |
| prometheus-3.13.2-3.14.0-stripped | full-zstd-19-T0 | 24,326,673 | 11.95 | 450 | 0.08 | 13 | 3 | True |
| terraform-1.15.8-1.15.9 | bsdiff | 5,427,575 | 85.04 | 1008 | 0.90 | 236 | 3 | True |
| terraform-1.15.8-1.15.9 | hdiffz-m6 | 4,918,933 | 19.92 | 502 | 0.12 | 26 | 3 | True |
| terraform-1.15.8-1.15.9 | hdiffz-m6-p8 | 4,913,545 | 9.71 | 510 | 0.08 | 26 | 3 | True |
| terraform-1.15.8-1.15.9 | hdiffz-s64 | 14,826,573 | 18.93 | 218 | 0.15 | 28 | 3 | True |
| terraform-1.15.8-1.15.9 | zstd-19 | 11,320,635 | 40.85 | 471 | 0.17 | 228 | 3 | True |
| terraform-1.15.8-1.15.9 | zstd-19-T0 | 11,320,635 | 32.47 | 471 | 0.16 | 228 | 3 | True |
| terraform-1.15.8-1.15.9 | xdelta3-9-lzma | 15,065,548 | 15.45 | 787 | 0.55 | 146 | 3 | True |
| terraform-1.15.8-1.15.9 | full-zstd-19 | 25,547,524 | 12.65 | 465 | 0.10 | 13 | 3 | True |
| terraform-1.15.8-1.15.9 | full-zstd-19-T0 | 25,547,524 | 10.90 | 465 | 0.09 | 12 | 3 | True |
| prometheus-3.13.1-3.13.2 | bsdiff | 28,108,743 | 160.15 | 1167 | 1.51 | 268 | 3 | True |
| prometheus-3.13.1-3.13.2 | hdiffz-m6 | 27,879,860 | 35.29 | 435 | 0.09 | 27 | 3 | True |
| prometheus-3.13.1-3.13.2 | hdiffz-m6-p8 | 27,879,870 | 17.66 | 442 | 0.11 | 27 | 3 | True |
| prometheus-3.13.1-3.13.2 | hdiffz-s64 | 36,544,395 | 20.75 | 217 | 0.16 | 27 | 3 | True |
| prometheus-3.13.1-3.13.2 | zstd-19 | 33,438,259 | 32.40 | 670 | 0.22 | 264 | 3 | True |
| prometheus-3.13.1-3.13.2 | zstd-19-T0 | 33,438,259 | 32.89 | 670 | 0.20 | 263 | 3 | True |
| prometheus-3.13.1-3.13.2 | xdelta3-9-lzma | 37,570,665 | 17.64 | 1342 | 0.59 | 192 | 3 | True |
| prometheus-3.13.1-3.13.2 | full-zstd-19 | 49,598,993 | 12.50 | 505 | 0.09 | 13 | 3 | True |
| prometheus-3.13.1-3.13.2 | full-zstd-19-T0 | 49,598,993 | 11.31 | 585 | 0.09 | 13 | 3 | True |
| prometheus-3.13.2-3.14.0 | bsdiff | 36,068,700 | 193.12 | 1168 | 2.02 | 277 | 3 | True |
| prometheus-3.13.2-3.14.0 | hdiffz-m6 | 34,677,348 | 39.10 | 479 | 0.14 | 27 | 3 | True |
| prometheus-3.13.2-3.14.0 | hdiffz-m6-p8 | 34,665,529 | 16.91 | 491 | 0.13 | 26 | 3 | True |
| prometheus-3.13.2-3.14.0 | hdiffz-s64 | 42,108,809 | 22.22 | 218 | 0.16 | 27 | 3 | True |
| prometheus-3.13.2-3.14.0 | zstd-19 | 39,287,096 | 30.77 | 682 | 0.19 | 269 | 3 | True |
| prometheus-3.13.2-3.14.0 | zstd-19-T0 | 39,287,096 | 30.51 | 682 | 0.20 | 269 | 3 | True |
| prometheus-3.13.2-3.14.0 | xdelta3-9-lzma | 42,730,327 | 16.62 | 1339 | 0.62 | 187 | 3 | True |
| prometheus-3.13.2-3.14.0 | full-zstd-19 | 50,819,527 | 11.95 | 512 | 0.16 | 13 | 3 | True |
| prometheus-3.13.2-3.14.0 | full-zstd-19-T0 | 50,819,527 | 10.59 | 592 | 0.14 | 13 | 3 | True |
| cockroach-26.2.4-26.2.5-stripped | bsdiff | 8,588,309 | 150.24 | 1977 | 1.23 | 449 | 1 | True |
| cockroach-26.2.4-26.2.5-stripped | hdiffz-m6 | 9,455,199 | 43.47 | 901 | 0.22 | 27 | 1 | True |
| cockroach-26.2.4-26.2.5-stripped | hdiffz-m6-p8 | 9,457,347 | 25.96 | 909 | 0.18 | 26 | 1 | True |
| cockroach-26.2.4-26.2.5-stripped | hdiffz-s64 | 29,454,522 | 37.21 | 221 | 0.27 | 27 | 1 | True |
| cockroach-26.2.4-26.2.5-stripped | zstd-19-T0 | 23,782,446 | 40.41 | 927 | 0.34 | 442 | 1 | True |
| cockroach-26.2.4-26.2.5-stripped | xdelta3-9-lzma | 29,435,656 | 40.04 | 1407 | 0.99 | 257 | 1 | True |
| cockroach-26.2.4-26.2.5-stripped | full-zstd-19-T0 | 58,377,272 | 17.59 | 845 | 0.19 | 13 | 1 | True |
| cockroach-26.2.4-26.2.5 | bsdiff | 67,624,518 | 447.18 | 2799 | 3.65 | 632 | 1 | True |
| cockroach-26.2.4-26.2.5 | hdiffz-m6 | 67,792,784 | 102.67 | 1007 | 0.20 | 27 | 1 | True |
| cockroach-26.2.4-26.2.5 | hdiffz-m6-p8 | 67,827,098 | 29.99 | 1018 | 0.21 | 26 | 1 | True |
| cockroach-26.2.4-26.2.5 | hdiffz-s64 | 88,406,171 | 52.97 | 221 | 0.38 | 28 | 1 | True |
| cockroach-26.2.4-26.2.5 | zstd-19-T0 | 82,710,339 | 46.56 | 1375 | 0.49 | 626 | 1 | True |
| cockroach-26.2.4-26.2.5 | xdelta3-9-lzma | 86,462,021 | 47.55 | 2547 | 1.27 | 373 | 1 | True |
| cockroach-26.2.4-26.2.5 | full-zstd-19-T0 | 119,699,162 | 18.06 | 1237 | 0.24 | 13 | 1 | True |
| vault-2.0.3-2.0.4-stripped | bsdiff | 12,108,972 | 267.19 | 3376 | 2.04 | 762 | 1 | True |
| vault-2.0.3-2.0.4-stripped | hdiffz-m6 | 11,752,681 | 70.03 | 1529 | 0.28 | 27 | 1 | True |
| vault-2.0.3-2.0.4-stripped | hdiffz-m6-p8 | 11,787,185 | 36.05 | 1538 | 0.23 | 26 | 1 | True |
| vault-2.0.3-2.0.4-stripped | hdiffz-s64 | 40,451,947 | 70.68 | 225 | 0.37 | 28 | 1 | True |
| vault-2.0.3-2.0.4-stripped | zstd-19-T0 | 36,507,981 | 36.01 | 1548 | 0.60 | 754 | 1 | True |
| vault-2.0.3-2.0.4-stripped | xdelta3-9-lzma | 44,822,809 | 54.58 | 2587 | 1.79 | 412 | 1 | True |
| vault-2.0.3-2.0.4-stripped | full-zstd-19-T0 | 67,677,354 | 18.36 | 1414 | 0.26 | 13 | 1 | True |
| vault-2.0.3-2.0.4 | bsdiff | ERROR | | | | | 1 | encode rc=-999: TIMEOUT after 840s |
| vault-2.0.3-2.0.4 | hdiffz-m6 | 91,132,633 | 161.01 | 1696 | 0.34 | 27 | 1 | True |
| vault-2.0.3-2.0.4 | hdiffz-m6-p8 | 91,148,620 | 45.93 | 1709 | 0.35 | 27 | 1 | True |
| vault-2.0.3-2.0.4 | hdiffz-s64 | 119,765,773 | 83.47 | 224 | 0.45 | 28 | 1 | True |
| vault-2.0.3-2.0.4 | zstd-19-T0 | 115,826,792 | 37.68 | 2398 | 0.69 | 1029 | 1 | True |
| vault-2.0.3-2.0.4 | xdelta3-9-lzma | 126,749,351 | 57.58 | 4797 | 2.15 | 578 | 1 | True |
| vault-2.0.3-2.0.4 | full-zstd-19-T0 | 149,329,950 | 23.04 | 1595 | 0.30 | 13 | 1 | True |

### Scaling per tool: encode throughput (NEW MB / encode s), encoder RSS per input byte (RSS / OLD size), apply throughput

| tool | pairs | MB/s min-median-max | RSS/byte min-median-max | apply MB/s median | apply RSS/byte median | fit t = a*n^b: b | R2 | t(1 GB) from fit | RSS(1 GB) = median ratio * 1 GB |
|---|---:|---|---|---:|---:|---:|---:|---:|---:|
| bsdiff | 11 | 0.7 - 1.5 - 3.1 | 9.00 - 9.01 - 9.04 | 164 | 2.10 | 1.43 | 0.92 | 1785 s | 9.01 GB |
| hdiffz-m6 | 12 | 3.2 - 5.6 - 9.9 | 3.24 - 4.22 - 4.60 | 1406 | 0.24 | 1.33 | 0.96 | 371 s | 4.22 GB |
| hdiffz-m6-p8 | 12 | 7.7 - 11.7 - 19.7 | 3.27 - 4.27 - 4.73 | 1536 | 0.23 | 1.19 | 0.96 | 130 s | 4.27 GB |
| hdiffz-s64 | 12 | 5.6 - 6.4 - 9.4 | 0.44 - 1.95 - 7.50 | 853 | 0.25 | 1.14 | 0.99 | 200 s | 1.95 GB |
| zstd-19 | 8 | 1.6 - 3.1 - 4.6 | 4.21 - 5.17 - 5.67 | 693 | 2.08 | 0.44 | 0.87 | 85 s | 5.17 GB |
| zstd-19-T0 | 12 | 2.0 - 4.1 - 14.3 | 4.13 - 4.71 - 5.68 | 710 | 2.05 | 0.35 | 0.70 | 62 s | 4.71 GB |
| xdelta3-9-lzma | 12 | 5.8 - 8.5 - 10.5 | 6.41 - 8.98 - 11.19 | 233 | 1.39 | 1.09 | 0.98 | 149 s | 8.98 GB |
| full-zstd-19 | 8 | 3.7 - 9.3 - 11.9 | 3.89 - 4.15 - 4.83 | 1220 | 0.14 | 0.30 | 0.94 | 22 s | 4.15 GB |
| full-zstd-19-T0 | 12 | 3.8 - 12.0 - 23.3 | 3.12 - 4.15 - 4.83 | 1309 | 0.11 | 0.39 | 0.93 | 28 s | 4.15 GB |

### Compact: patch MB / encode s / encoder RSS MB per pair (reps: 3, or 1 for inputs > 200 MB)

| pair (NEW MB) | bsdiff | hdiffz-m6 | hdiffz-m6-p8 | hdiffz-s64 | zstd-19-T0 | xdelta3-9-lzma | full-zstd-19-T0 |
|---|---|---|---|---|---|---|---|
| F2.v1-v5 (30) | 0.47 / 10 s / 255 | 0.57 / 3 s / 126 | 0.57 / 2 s / 129 | 3.45 / 3 s / 211 | 1.76 / 15 s / 160 | 2.72 / 3 s / 316 | 8.43 / 8 s / 121 |
| F2.v4-v5 (30) | 0.47 / 9 s / 255 | 0.58 / 3 s / 126 | 0.58 / 2 s / 129 | 3.45 / 3 s / 211 | 1.76 / 14 s / 160 | 2.72 / 3 s / 316 | 8.43 / 6 s / 121 |
| kube-apiserver-1.36.3-1.36.4 (88) | 2.06 / 50 s / 760 | 2.37 / 15 s / 373 | 2.37 / 7 s / 378 | 10.39 / 13 s / 218 | 7.08 / 29 s / 409 | 10.04 / 10 s / 757 | 19.07 / 11 s / 349 |
| prometheus-3.13.1-3.13.2-stripped (98) | 2.71 / 54 s / 839 | 2.73 / 16 s / 392 | 2.73 / 7 s / 398 | 11.39 / 15 s / 217 | 8.28 / 32 s / 428 | 11.26 / 10 s / 766 | 23.81 / 12 s / 363 |
| prometheus-3.13.2-3.14.0-stripped (103) | 9.81 / 81 s / 839 | 8.60 / 20 s / 428 | 8.59 / 11 s / 440 | 16.23 / 17 s / 218 | 13.43 / 42 s / 438 | 17.34 / 13 s / 770 | 24.33 / 12 s / 450 |
| terraform-1.15.8-1.15.9 (118) | 5.43 / 85 s / 1008 | 4.92 / 20 s / 502 | 4.91 / 10 s / 510 | 14.83 / 19 s / 218 | 11.32 / 32 s / 471 | 15.07 / 15 s / 787 | 25.55 / 11 s / 465 |
| prometheus-3.13.1-3.13.2 (136) | 28.11 / 160 s / 1167 | 27.88 / 35 s / 435 | 27.88 / 18 s / 442 | 36.54 / 21 s / 217 | 33.44 / 33 s / 670 | 37.57 / 18 s / 1342 | 49.60 / 11 s / 585 |
| prometheus-3.13.2-3.14.0 (142) | 36.07 / 193 s / 1168 | 34.68 / 39 s / 479 | 34.67 / 17 s / 491 | 42.11 / 22 s / 218 | 39.29 / 31 s / 682 | 42.73 / 17 s / 1339 | 50.82 / 11 s / 592 |
| cockroach-26.2.4-26.2.5-stripped (230) | 8.59 / 150 s / 1977 | 9.46 / 43 s / 901 | 9.46 / 26 s / 909 | 29.45 / 37 s / 221 | 23.78 / 40 s / 927 | 29.44 / 40 s / 1407 | 58.38 / 18 s / 845 |
| cockroach-26.2.4-26.2.5 (326) | 67.62 / 447 s / 2799 | 67.79 / 103 s / 1007 | 67.83 / 30 s / 1018 | 88.41 / 53 s / 221 | 82.71 / 47 s / 1375 | 86.46 / 48 s / 2547 | 119.70 / 18 s / 1237 |
| vault-2.0.3-2.0.4-stripped (394) | 12.11 / 267 s / 3376 | 11.75 / 70 s / 1529 | 11.79 / 36 s / 1538 | 40.45 / 71 s / 225 | 36.51 / 36 s / 1548 | 44.82 / 55 s / 2587 | 67.68 / 18 s / 1414 |
| vault-2.0.3-2.0.4 (538) | timeout 840 s | 91.13 / 161 s / 1696 | 91.15 / 46 s / 1709 | 119.77 / 83 s / 224 | 115.83 / 38 s / 2398 | 126.75 / 58 s / 4797 | 149.33 / 23 s / 1595 |

### 1 GB extrapolation from the largest measured input per tool (linear in size for time and RSS, plus the log-log fit for time)

| tool | largest input | enc s | enc RSS MB | apply s | apply RSS MB | 1 GB enc s (linear / fit) | 1 GB enc RSS GB (linear) | 1 GB apply RSS GB |
|---|---|---:|---:|---:|---:|---:|---:|---:|
| bsdiff | vault-2.0.3-2.0.4-stripped (393 MB) | 267 | 3376 | 2.04 | 762 | 680 / 1785 | 9.0 | 2.0 |
| hdiffz-m6 | vault-2.0.3-2.0.4 (537 MB) | 161 | 1696 | 0.34 | 27 | 300 / 371 | 3.3 | 0.1 |
| hdiffz-m6-p8 | vault-2.0.3-2.0.4 (537 MB) | 46 | 1709 | 0.35 | 27 | 86 / 130 | 3.3 | 0.1 |
| hdiffz-s64 | vault-2.0.3-2.0.4 (537 MB) | 83 | 224 | 0.45 | 28 | 155 / 200 | 0.4 | 0.1 |
| zstd-19 | prometheus-3.13.2-3.14.0 (136 MB) | 31 | 682 | 0.19 | 269 | 226 / 85 | 5.3 | 2.1 |
| zstd-19-T0 | vault-2.0.3-2.0.4 (537 MB) | 38 | 2398 | 0.69 | 1029 | 70 / 62 | 4.7 | 2.0 |
| xdelta3-9-lzma | vault-2.0.3-2.0.4 (537 MB) | 58 | 4797 | 2.15 | 578 | 107 / 149 | 9.4 | 1.1 |
| full-zstd-19 | prometheus-3.13.2-3.14.0 (136 MB) | 12 | 512 | 0.16 | 13 | 88 / 22 | 3.9 | 0.1 |
| full-zstd-19-T0 | vault-2.0.3-2.0.4 (537 MB) | 23 | 1595 | 0.30 | 13 | 43 / 28 | 3.1 | 0.0 |

### Churn summary (section-aligned byte comparison, bench/scale/churn_scale.py)

| pair | old B | new B | differing % | runs | runs (gap<=8) | median run | largest unchanged | in unchanged runs >=64K | >=256K | >=1M | .text % | .rodata % | .gopclntab % | .debug_* % (bytes) |
|---|---:|---:|---:|---:|---:|---:|---:|---:|---:|---:|---:|---:|---:|---|
| F2.v1-v5 | 29,561,097 | 29,561,097 | 70.0% | 1,952,657 | 59,922 | 3 B | 413,546 | 3.9% | 2.8% | 0.0% | 73.1% | 49.8% | 76.6% | - |
| F2.v4-v5 | 29,561,097 | 29,561,097 | 70.2% | 1,950,124 | 59,877 | 3 B | 413,546 | 3.9% | 2.8% | 0.0% | 73.1% | 49.7% | 77.1% | - |
| kube-apiserver-1.36.3-1.36.4 | 88,387,746 | 88,436,898 | 78.6% | 5,766,047 | 150,096 | 3 B | 903,339 | 1.2% | 1.0% | 0.0% | 82.2% | 69.7% | 78.8% | - |
| prometheus-3.13.1-3.13.2-stripped | 97,552,696 | 97,577,304 | 84.3% | 6,238,411 | 76,646 | 3 B | 334,055 | 0.6% | 0.3% | 0.0% | 94.3% | 73.4% | 80.7% | - |
| prometheus-3.13.2-3.14.0-stripped | 97,577,304 | 102,514,648 | 87.9% | 5,728,508 | 73,217 | 3 B | 63,257 | 0.0% | 0.0% | 0.0% | 95.6% | 80.4% | 83.3% | - |
| terraform-1.15.8-1.15.9 | 117,289,144 | 117,838,008 | 86.8% | 7,576,102 | 97,245 | 3 B | 66,194 | 0.1% | 0.0% | 0.0% | 94.4% | 69.4% | 86.6% | - |
| prometheus-3.13.1-3.13.2 | 135,857,317 | 135,899,968 | 86.4% | 7,094,198 | 95,930 | 3 B | 334,055 | 0.6% | 0.2% | 0.0% | 94.3% | 73.4% | 80.7% | 99.5% (24,557,028) |
| prometheus-3.13.2-3.14.0 | 135,899,968 | 142,095,522 | 89.2% | 6,622,744 | 80,706 | 3 B | 63,257 | 0.0% | 0.0% | 0.0% | 95.6% | 80.4% | 83.3% | 99.6% (24,592,140) |
| cockroach-26.2.4-26.2.5-stripped | 230,243,816 | 230,309,064 | 79.7% | 14,226,447 | 383,194 | 3 B | 2,440,673 | 1.1% | 1.1% | 1.1% | 83.5% | 64.8% | 85.0% | - |
| cockroach-26.2.4-26.2.5 | 326,021,464 | 326,116,488 | 82.3% | 16,322,945 | 466,092 | 3 B | 2,440,673 | 1.8% | 1.7% | 1.4% | 83.5% | 64.8% | 85.0% | 98.9% (57,896,094) |
| vault-2.0.3-2.0.4-stripped | 393,175,304 | 393,769,576 | 85.4% | 24,116,426 | 610,465 | 4 B | 701,409 | 0.2% | 0.2% | 0.0% | 94.4% | 74.1% | 83.9% | - |
| vault-2.0.3-2.0.4 | 536,903,029 | 537,754,780 | 86.9% | 27,905,054 | 716,380 | 4 B | 701,409 | 0.1% | 0.1% | 0.0% | 94.4% | 74.1% | 83.9% | 99.6% (77,731,508) |
