== build prometheus v3.13.1 with go1.27.0 Wed Aug 26 13:04:17 PDT 2026
go: downloading github.com/prometheus/client_golang/exp v0.0.0-20260602051030-3537b20ac86b
go: downloading github.com/prometheus/common v0.69.0
go: downloading golang.org/x/text v0.38.0
go: downloading github.com/go-openapi/strfmt v0.26.3
go: downloading github.com/prometheus/alertmanager v0.33.0
go: downloading golang.org/x/sync v0.21.0
go: downloading github.com/open-telemetry/opentelemetry-collector-contrib/processor/deltatocumulativeprocessor v0.154.0
go: downloading go.opentelemetry.io/collector/component v1.60.0
go: downloading go.opentelemetry.io/collector/consumer v1.60.0
go: downloading go.opentelemetry.io/collector/pdata v1.60.0
go: downloading go.opentelemetry.io/collector/processor v1.60.0
go: downloading github.com/aws/aws-sdk-go-v2/config v1.32.25
go: downloading github.com/aws/aws-sdk-go-v2/credentials v1.19.24
go: downloading github.com/aws/aws-sdk-go-v2/service/sts v1.43.3
go: downloading github.com/digitalocean/godo v1.196.0
go: downloading github.com/aws/aws-sdk-go-v2/feature/ec2/imds v1.18.29
go: downloading github.com/aws/aws-sdk-go-v2/service/ec2 v1.307.0
go: downloading github.com/aws/aws-sdk-go-v2/service/ecs v1.83.0
go: downloading github.com/aws/aws-sdk-go-v2/service/elasticache v1.54.3
go: downloading github.com/aws/aws-sdk-go-v2/service/kafka v1.52.6
go: downloading github.com/aws/aws-sdk-go-v2/service/lightsail v1.56.1
go: downloading github.com/aws/aws-sdk-go-v2/service/rds v1.119.3
go: downloading github.com/aws/smithy-go v1.27.2
go: downloading github.com/ionos-cloud/sdk-go/v6 v6.3.8
go: downloading github.com/hetznercloud/hcloud-go/v2 v2.43.0
go: downloading github.com/hashicorp/nomad/api v0.0.0-20260616181215-ea1ca2d932bf
go: downloading google.golang.org/genproto/googleapis/api v0.0.0-20260615183401-62b3387ff324
go: downloading go.yaml.in/yaml/v4 v4.0.0-rc.5
go: downloading github.com/google/pprof v0.0.0-20260604005048-7023385849c0
go: downloading github.com/mdlayher/socket v0.4.1
go: downloading github.com/aws/aws-sdk-go-v2/service/signin v1.2.0
go: downloading github.com/aws/aws-sdk-go-v2/service/sso v1.31.3
go: downloading github.com/aws/aws-sdk-go-v2/service/ssooidc v1.36.6
go: downloading github.com/open-telemetry/opentelemetry-collector-contrib/pkg/pdatautil v0.154.0
go: downloading go.opentelemetry.io/collector/featuregate v1.60.0
go: downloading github.com/knadh/koanf/v2 v2.3.5
	Command being timed: "env GOTOOLCHAIN=go1.27.0 GOFLAGS= go build -trimpath -ldflags=-s -w -buildid= -buildvcs=false -o /home/will/Code/binsync/bench/out/corpus127/prometheus/3.13.1/prometheus ./cmd/prometheus"
	User time (seconds): 377.03
	System time (seconds): 44.08
	Percent of CPU this job got: 914%
	Elapsed (wall clock) time (h:mm:ss or m:ss): 0:46.06
	Average shared text size (kbytes): 0
	Average unshared data size (kbytes): 0
	Average stack size (kbytes): 0
	Average total size (kbytes): 0
	Maximum resident set size (kbytes): 2770224
	Average resident set size (kbytes): 0
	Major (requiring I/O) page faults: 25
	Minor (reclaiming a frame) page faults: 14023060
	Voluntary context switches: 396866
	Involuntary context switches: 333310
	Swaps: 0
	File system inputs: 325312
	File system outputs: 2924224
	Socket messages sent: 0
	Socket messages received: 0
	Signals delivered: 0
	Page size (bytes): 4096
	Exit status: 0
exit=0 Wed Aug 26 13:05:03 PDT 2026
