== encode
  [  0.11s] loaded prometheus (go1.27, 93741283 B) -> prometheus (go1.27, 93769955 B)
  [  0.14s] match: exact=110090 normalised=0 content=5 unmatched-new=52 unmatched-old=14
  [  0.24s] content map .rodata
  [  0.53s] content map .go.type
  [  0.53s] content map .go.func
  [  0.54s] content map .noptrdata
  [  0.56s] content map .data
  [  0.69s] shift tables
  datamap .rodata: blocks=229900 matched=229735 ambiguous=46 unmatched=119 shift-changes=86; rle 302 B
  datamap .go.type: blocks=735529 matched=589725 ambiguous=75843 unmatched=69961 shift-changes=2241; rle 6905 B
  datamap .go.func: blocks=1700 matched=1699 ambiguous=0 unmatched=1 shift-changes=0; rle 8 B
  datamap .noptrdata: blocks=37081 matched=37080 ambiguous=0 unmatched=1 shift-changes=3; rle 17 B
  datamap .data: blocks=21102 matched=21101 ambiguous=0 unmatched=1 shift-changes=1; rle 11 B
  shift table .bss: 3 breakpoints from 56100 samples, 11 B raw: @18128:+8 @18912:+16 @47616:+32
  shift table .noptrbss: 6 breakpoints from 108817 samples, 16 B raw: @118:+2 @180:+4 @760:+0 @1648:+8 @1792:+16 @5696:+0
  [  0.69s] content maps + shift tables
  [  1.06s] overrides: pointers=492298 fields=494946 targets=321488 mispredicted=47008 block-fixes=255 overrides=2681 (20725 votes)
  [  1.07s] layout: 110147 funcs, 20 rec shapes, raw 239379 B, zstd 11271 B
  [  1.13s] stage 1a (h): funcnametab+filetab 9543840 -> 9546336 B, delta 1484 B
  [  1.41s] stage 1b (h): cutab+pctab+go:func.* predicted 14940496 -> 14940496 B, delta 18985 B; pc tables=241951 (dedup 0) funcdata syms=77276 inline nameOff=183592 stackobj gcdata=19046 wrapinfo=283 cutab entries=73253 mapped=71508
  [  1.86s] prediction: 93769955 B (new 93769955 B), insns=10688083 decode-failures=1876, differing bytes=123899 in 18707 runs
  type descriptors: descriptors=62516 itabs=5337 rewritten nameOff=197353 typeOff=114379 textOff=170045 name.pkgPath=2155 unmapped=11014 (name 0, type 10989, text 25: unmatched-fn 25 outside 0) bad=0
  stage-2 differing bytes by section: .text=62555(4935 runs) .rodata=3782(953 runs) .gopclntab=4549(2022 runs) .go.type=45170(8199 runs) .go.func=2568(1186 runs) .go.buildinfo=215(15 runs) .go.fipsinfo=32(1 runs) .go.module=36(21 runs) .noptrdata=468(222 runs) .data=744(576 runs)
  [  1.95s] stage 2 (positional): raw 162758 B, zstd 79696 B
PATCH ../out/scratch/prom-09.gtp: 111552 B = header 116 + layout 11271 + stage1(h) 20469 (1a 1484 + 1b 18985) + stage2(p) 79696  [encode 2.06s]
	Command being timed: "timeout 120 ./gotransform-dev encode ../out/corpus127/prometheus/3.13.1/prometheus ../out/corpus127/prometheus/3.13.2/prometheus ../out/scratch/prom-09.gtp"
	User time (seconds): 10.20
	System time (seconds): 0.51
	Percent of CPU this job got: 509%
	Elapsed (wall clock) time (h:mm:ss or m:ss): 0:02.10
	Average shared text size (kbytes): 0
	Average unshared data size (kbytes): 0
	Average stack size (kbytes): 0
	Average total size (kbytes): 0
	Maximum resident set size (kbytes): 648288
	Average resident set size (kbytes): 0
	Major (requiring I/O) page faults: 0
	Minor (reclaiming a frame) page faults: 246287
	Voluntary context switches: 10604
	Involuntary context switches: 1041
	Swaps: 0
	File system inputs: 0
	File system outputs: 224
	Socket messages sent: 0
	Socket messages received: 0
	Signals delivered: 0
	Page size (bytes): 4096
	Exit status: 0
== decode
  [  0.11s] loaded old (go1.27) and patch: 111552 B, layout 239379 B
  [  0.39s] stage 1 applied: 9546336 + 14940496 B of pclntab tables; skeleton 110147 funcs
  [  0.82s] prediction: 93769955 B, hash verified
  [  0.91s] stage 2 (p) applied: 93769955 B written to ../out/scratch/prom-09.gtp.out, hash verified
DECODE OK ../out/scratch/prom-09.gtp.out: 93769955 B [decode 0.91s]
	Command being timed: "timeout 120 ./gotransform-dev decode ../out/corpus127/prometheus/3.13.1/prometheus ../out/scratch/prom-09.gtp ../out/scratch/prom-09.gtp.out"
	User time (seconds): 5.35
	System time (seconds): 0.48
	Percent of CPU this job got: 581%
	Elapsed (wall clock) time (h:mm:ss or m:ss): 0:01.00
	Average shared text size (kbytes): 0
	Average unshared data size (kbytes): 0
	Average stack size (kbytes): 0
	Average total size (kbytes): 0
	Maximum resident set size (kbytes): 665216
	Average resident set size (kbytes): 0
	Major (requiring I/O) page faults: 0
	Minor (reclaiming a frame) page faults: 193821
	Voluntary context switches: 8182
	Involuntary context switches: 709
	Swaps: 0
	File system inputs: 0
	File system outputs: 183152
	Socket messages sent: 0
	Socket messages received: 0
	Signals delivered: 0
	Page size (bytes): 4096
	Exit status: 0
CMP OK
